<?xml version="1.0" encoding="ISO-8859-1" ?>
<link_info>
   <banner>TI ARM Linker Unix v20.2.7.LTS</banner>
   <copyright>Copyright (c) 1996-2018 Texas Instruments Incorporated</copyright>
   <link_time>0x63fb9a22</link_time>
   <link_errors>0x0</link_errors>
   <output_file>thermostat.out</output_file>
   <entry_point>
      <name>resetISR</name>
      <address>0x20011e81</address>
   </entry_point>
   <input_file_list>
      <input_file id="fl-1">
         <path>./</path>
         <kind>object</kind>
         <file>gpiointerrupt.obj</file>
         <name>gpiointerrupt.obj</name>
      </input_file>
      <input_file id="fl-2">
         <path>./syscfg/</path>
         <kind>object</kind>
         <file>ti_drivers_config.obj</file>
         <name>ti_drivers_config.obj</name>
      </input_file>
      <input_file id="fl-3">
         <path>./</path>
         <kind>object</kind>
         <file>main_nortos.obj</file>
         <name>main_nortos.obj</name>
      </input_file>
      <input_file id="fl-c">
         <kind>object</kind>
         <file>&lt;internal&gt;</file>
         <name>&lt;internal&gt;</name>
      </input_file>
      <input_file id="fl-d">
         <path>/home/elizabethdanzberger/ti/simplelink_cc32xx_sdk_6_10_00_05/source/ti/drivers/lib/ccs/m4/</path>
         <kind>archive</kind>
         <file>drivers_cc32xx.a</file>
         <name>I2C.oem4</name>
      </input_file>
      <input_file id="fl-e">
         <path>/home/elizabethdanzberger/ti/simplelink_cc32xx_sdk_6_10_00_05/source/ti/drivers/lib/ccs/m4/</path>
         <kind>archive</kind>
         <file>drivers_cc32xx.a</file>
         <name>Timer.oem4</name>
      </input_file>
      <input_file id="fl-f">
         <path>/home/elizabethdanzberger/ti/simplelink_cc32xx_sdk_6_10_00_05/source/ti/drivers/lib/ccs/m4/</path>
         <kind>archive</kind>
         <file>drivers_cc32xx.a</file>
         <name>UART2.oem4</name>
      </input_file>
      <input_file id="fl-10">
         <path>/home/elizabethdanzberger/ti/simplelink_cc32xx_sdk_6_10_00_05/source/ti/drivers/lib/ccs/m4/</path>
         <kind>archive</kind>
         <file>drivers_cc32xx.a</file>
         <name>RingBuf.oem4</name>
      </input_file>
      <input_file id="fl-11">
         <path>/home/elizabethdanzberger/ti/simplelink_cc32xx_sdk_6_10_00_05/source/ti/drivers/lib/ccs/m4/</path>
         <kind>archive</kind>
         <file>drivers_cc32xx.a</file>
         <name>GPIOCC32XX.oem4</name>
      </input_file>
      <input_file id="fl-12">
         <path>/home/elizabethdanzberger/ti/simplelink_cc32xx_sdk_6_10_00_05/source/ti/drivers/lib/ccs/m4/</path>
         <kind>archive</kind>
         <file>drivers_cc32xx.a</file>
         <name>I2CCC32XX.oem4</name>
      </input_file>
      <input_file id="fl-13">
         <path>/home/elizabethdanzberger/ti/simplelink_cc32xx_sdk_6_10_00_05/source/ti/drivers/lib/ccs/m4/</path>
         <kind>archive</kind>
         <file>drivers_cc32xx.a</file>
         <name>PowerCC32XX.oem4</name>
      </input_file>
      <input_file id="fl-14">
         <path>/home/elizabethdanzberger/ti/simplelink_cc32xx_sdk_6_10_00_05/source/ti/drivers/lib/ccs/m4/</path>
         <kind>archive</kind>
         <file>drivers_cc32xx.a</file>
         <name>PowerCC32XX_asm.oem4</name>
      </input_file>
      <input_file id="fl-15">
         <path>/home/elizabethdanzberger/ti/simplelink_cc32xx_sdk_6_10_00_05/source/ti/drivers/lib/ccs/m4/</path>
         <kind>archive</kind>
         <file>drivers_cc32xx.a</file>
         <name>TimerCC32XX.oem4</name>
      </input_file>
      <input_file id="fl-16">
         <path>/home/elizabethdanzberger/ti/simplelink_cc32xx_sdk_6_10_00_05/source/ti/drivers/lib/ccs/m4/</path>
         <kind>archive</kind>
         <file>drivers_cc32xx.a</file>
         <name>UART2CC32XX.oem4</name>
      </input_file>
      <input_file id="fl-17">
         <path>/home/elizabethdanzberger/ti/simplelink_cc32xx_sdk_6_10_00_05/source/ti/drivers/lib/ccs/m4/</path>
         <kind>archive</kind>
         <file>drivers_cc32xx.a</file>
         <name>List.oem4</name>
      </input_file>
      <input_file id="fl-18">
         <path>/home/elizabethdanzberger/ti/simplelink_cc32xx_sdk_6_10_00_05/source/ti/drivers/lib/ccs/m4/</path>
         <kind>archive</kind>
         <file>drivers_cc32xx.a</file>
         <name>UDMACC32XX.oem4</name>
      </input_file>
      <input_file id="fl-19">
         <path>/home/elizabethdanzberger/ti/simplelink_cc32xx_sdk_6_10_00_05/kernel/nortos/lib/ccs/m4/</path>
         <kind>archive</kind>
         <file>nortos_cc32xx.a</file>
         <name>NoRTOS.oem4</name>
      </input_file>
      <input_file id="fl-1a">
         <path>/home/elizabethdanzberger/ti/simplelink_cc32xx_sdk_6_10_00_05/kernel/nortos/lib/ccs/m4/</path>
         <kind>archive</kind>
         <file>nortos_cc32xx.a</file>
         <name>SemaphoreP_nortos.oem4</name>
      </input_file>
      <input_file id="fl-1b">
         <path>/home/elizabethdanzberger/ti/simplelink_cc32xx_sdk_6_10_00_05/kernel/nortos/lib/ccs/m4/</path>
         <kind>archive</kind>
         <file>nortos_cc32xx.a</file>
         <name>ClockPSysTick_nortos.oem4</name>
      </input_file>
      <input_file id="fl-1c">
         <path>/home/elizabethdanzberger/ti/simplelink_cc32xx_sdk_6_10_00_05/kernel/nortos/lib/ccs/m4/</path>
         <kind>archive</kind>
         <file>nortos_cc32xx.a</file>
         <name>HwiPCC32XX_nortos.oem4</name>
      </input_file>
      <input_file id="fl-1d">
         <path>/home/elizabethdanzberger/ti/simplelink_cc32xx_sdk_6_10_00_05/kernel/nortos/lib/ccs/m4/</path>
         <kind>archive</kind>
         <file>nortos_cc32xx.a</file>
         <name>PowerCC32XX_nortos.oem4</name>
      </input_file>
      <input_file id="fl-1e">
         <path>/home/elizabethdanzberger/ti/simplelink_cc32xx_sdk_6_10_00_05/kernel/nortos/lib/ccs/m4/</path>
         <kind>archive</kind>
         <file>nortos_cc32xx.a</file>
         <name>startup_cc32xx_ccs.oem4</name>
      </input_file>
      <input_file id="fl-1f">
         <path>/home/elizabethdanzberger/ti/simplelink_cc32xx_sdk_6_10_00_05/kernel/nortos/lib/ccs/m4/</path>
         <kind>archive</kind>
         <file>nortos_cc32xx.a</file>
         <name>SwiP_nortos.oem4</name>
      </input_file>
      <input_file id="fl-20">
         <path>/home/elizabethdanzberger/ti/simplelink_cc32xx_sdk_6_10_00_05/kernel/nortos/lib/ccs/m4/</path>
         <kind>archive</kind>
         <file>nortos_cc32xx.a</file>
         <name>QueueP_nortos.oem4</name>
      </input_file>
      <input_file id="fl-21">
         <path>/home/elizabethdanzberger/ti/simplelink_cc32xx_sdk_6_10_00_05/source/ti/devices/cc32xx/driverlib/ccs/Release/</path>
         <kind>archive</kind>
         <file>driverlib.a</file>
         <name>cpu.obj</name>
      </input_file>
      <input_file id="fl-22">
         <path>/home/elizabethdanzberger/ti/simplelink_cc32xx_sdk_6_10_00_05/source/ti/devices/cc32xx/driverlib/ccs/Release/</path>
         <kind>archive</kind>
         <file>driverlib.a</file>
         <name>i2c.obj</name>
      </input_file>
      <input_file id="fl-23">
         <path>/home/elizabethdanzberger/ti/simplelink_cc32xx_sdk_6_10_00_05/source/ti/devices/cc32xx/driverlib/ccs/Release/</path>
         <kind>archive</kind>
         <file>driverlib.a</file>
         <name>interrupt.obj</name>
      </input_file>
      <input_file id="fl-24">
         <path>/home/elizabethdanzberger/ti/simplelink_cc32xx_sdk_6_10_00_05/source/ti/devices/cc32xx/driverlib/ccs/Release/</path>
         <kind>archive</kind>
         <file>driverlib.a</file>
         <name>pin.obj</name>
      </input_file>
      <input_file id="fl-25">
         <path>/home/elizabethdanzberger/ti/simplelink_cc32xx_sdk_6_10_00_05/source/ti/devices/cc32xx/driverlib/ccs/Release/</path>
         <kind>archive</kind>
         <file>driverlib.a</file>
         <name>prcm.obj</name>
      </input_file>
      <input_file id="fl-26">
         <path>/home/elizabethdanzberger/ti/simplelink_cc32xx_sdk_6_10_00_05/source/ti/devices/cc32xx/driverlib/ccs/Release/</path>
         <kind>archive</kind>
         <file>driverlib.a</file>
         <name>timer.obj</name>
      </input_file>
      <input_file id="fl-27">
         <path>/home/elizabethdanzberger/ti/simplelink_cc32xx_sdk_6_10_00_05/source/ti/devices/cc32xx/driverlib/ccs/Release/</path>
         <kind>archive</kind>
         <file>driverlib.a</file>
         <name>uart.obj</name>
      </input_file>
      <input_file id="fl-28">
         <path>/home/elizabethdanzberger/ti/simplelink_cc32xx_sdk_6_10_00_05/source/ti/devices/cc32xx/driverlib/ccs/Release/</path>
         <kind>archive</kind>
         <file>driverlib.a</file>
         <name>udma.obj</name>
      </input_file>
      <input_file id="fl-29">
         <path>/home/elizabethdanzberger/ti/simplelink_cc32xx_sdk_6_10_00_05/source/ti/devices/cc32xx/driverlib/ccs/Release/</path>
         <kind>archive</kind>
         <file>driverlib.a</file>
         <name>utils.obj</name>
      </input_file>
      <input_file id="fl-2a">
         <path>/home/elizabethdanzberger/ti/simplelink_cc32xx_sdk_6_10_00_05/source/ti/devices/cc32xx/driverlib/ccs/Release/</path>
         <kind>archive</kind>
         <file>driverlib.a</file>
         <name>flash.obj</name>
      </input_file>
      <input_file id="fl-e0">
         <path>/home/elizabethdanzberger/ti/ccs1220/ccs/tools/compiler/ti-cgt-arm_20.2.7.LTS/lib/</path>
         <kind>archive</kind>
         <file>rtsv7M4_T_le_eabi.lib</file>
         <name>snprintf.c.obj</name>
      </input_file>
      <input_file id="fl-e1">
         <path>/home/elizabethdanzberger/ti/ccs1220/ccs/tools/compiler/ti-cgt-arm_20.2.7.LTS/lib/</path>
         <kind>archive</kind>
         <file>rtsv7M4_T_le_eabi.lib</file>
         <name>fd_mul_t2.asm.obj</name>
      </input_file>
      <input_file id="fl-e2">
         <path>/home/elizabethdanzberger/ti/ccs1220/ccs/tools/compiler/ti-cgt-arm_20.2.7.LTS/lib/</path>
         <kind>archive</kind>
         <file>rtsv7M4_T_le_eabi.lib</file>
         <name>fd_toi_t2.asm.obj</name>
      </input_file>
      <input_file id="fl-e3">
         <path>/home/elizabethdanzberger/ti/ccs1220/ccs/tools/compiler/ti-cgt-arm_20.2.7.LTS/lib/</path>
         <kind>archive</kind>
         <file>rtsv7M4_T_le_eabi.lib</file>
         <name>i_tofd_t2.asm.obj</name>
      </input_file>
      <input_file id="fl-e4">
         <path>/home/elizabethdanzberger/ti/ccs1220/ccs/tools/compiler/ti-cgt-arm_20.2.7.LTS/lib/</path>
         <kind>archive</kind>
         <file>rtsv7M4_T_le_eabi.lib</file>
         <name>ll_mul_t2.asm.obj</name>
      </input_file>
      <input_file id="fl-e5">
         <path>/home/elizabethdanzberger/ti/ccs1220/ccs/tools/compiler/ti-cgt-arm_20.2.7.LTS/lib/</path>
         <kind>archive</kind>
         <file>rtsv7M4_T_le_eabi.lib</file>
         <name>memcpy_t2.asm.obj</name>
      </input_file>
      <input_file id="fl-e6">
         <path>/home/elizabethdanzberger/ti/ccs1220/ccs/tools/compiler/ti-cgt-arm_20.2.7.LTS/lib/</path>
         <kind>archive</kind>
         <file>rtsv7M4_T_le_eabi.lib</file>
         <name>ull_div_t2.asm.obj</name>
      </input_file>
      <input_file id="fl-e7">
         <path>/home/elizabethdanzberger/ti/ccs1220/ccs/tools/compiler/ti-cgt-arm_20.2.7.LTS/lib/</path>
         <kind>archive</kind>
         <file>rtsv7M4_T_le_eabi.lib</file>
         <name>copy_zero_init.c.obj</name>
      </input_file>
      <input_file id="fl-e8">
         <path>/home/elizabethdanzberger/ti/ccs1220/ccs/tools/compiler/ti-cgt-arm_20.2.7.LTS/lib/</path>
         <kind>archive</kind>
         <file>rtsv7M4_T_le_eabi.lib</file>
         <name>copy_decompress_none.c.obj</name>
      </input_file>
      <input_file id="fl-e9">
         <path>/home/elizabethdanzberger/ti/ccs1220/ccs/tools/compiler/ti-cgt-arm_20.2.7.LTS/lib/</path>
         <kind>archive</kind>
         <file>rtsv7M4_T_le_eabi.lib</file>
         <name>copy_decompress_lzss.c.obj</name>
      </input_file>
      <input_file id="fl-ea">
         <path>/home/elizabethdanzberger/ti/ccs1220/ccs/tools/compiler/ti-cgt-arm_20.2.7.LTS/lib/</path>
         <kind>archive</kind>
         <file>rtsv7M4_T_le_eabi.lib</file>
         <name>memory.c.obj</name>
      </input_file>
      <input_file id="fl-eb">
         <path>/home/elizabethdanzberger/ti/ccs1220/ccs/tools/compiler/ti-cgt-arm_20.2.7.LTS/lib/</path>
         <kind>archive</kind>
         <file>rtsv7M4_T_le_eabi.lib</file>
         <name>boot_cortex_m.c.obj</name>
      </input_file>
      <input_file id="fl-ec">
         <path>/home/elizabethdanzberger/ti/ccs1220/ccs/tools/compiler/ti-cgt-arm_20.2.7.LTS/lib/</path>
         <kind>archive</kind>
         <file>rtsv7M4_T_le_eabi.lib</file>
         <name>_printfi.c.obj</name>
      </input_file>
      <input_file id="fl-ed">
         <path>/home/elizabethdanzberger/ti/ccs1220/ccs/tools/compiler/ti-cgt-arm_20.2.7.LTS/lib/</path>
         <kind>archive</kind>
         <file>rtsv7M4_T_le_eabi.lib</file>
         <name>div0.asm.obj</name>
      </input_file>
      <input_file id="fl-ee">
         <path>/home/elizabethdanzberger/ti/ccs1220/ccs/tools/compiler/ti-cgt-arm_20.2.7.LTS/lib/</path>
         <kind>archive</kind>
         <file>rtsv7M4_T_le_eabi.lib</file>
         <name>fd_add_t2.asm.obj</name>
      </input_file>
      <input_file id="fl-ef">
         <path>/home/elizabethdanzberger/ti/ccs1220/ccs/tools/compiler/ti-cgt-arm_20.2.7.LTS/lib/</path>
         <kind>archive</kind>
         <file>rtsv7M4_T_le_eabi.lib</file>
         <name>fd_cmp_t2.asm.obj</name>
      </input_file>
      <input_file id="fl-f0">
         <path>/home/elizabethdanzberger/ti/ccs1220/ccs/tools/compiler/ti-cgt-arm_20.2.7.LTS/lib/</path>
         <kind>archive</kind>
         <file>rtsv7M4_T_le_eabi.lib</file>
         <name>fd_div_t2.asm.obj</name>
      </input_file>
      <input_file id="fl-f1">
         <path>/home/elizabethdanzberger/ti/ccs1220/ccs/tools/compiler/ti-cgt-arm_20.2.7.LTS/lib/</path>
         <kind>archive</kind>
         <file>rtsv7M4_T_le_eabi.lib</file>
         <name>memset_t2.asm.obj</name>
      </input_file>
      <input_file id="fl-f2">
         <path>/home/elizabethdanzberger/ti/ccs1220/ccs/tools/compiler/ti-cgt-arm_20.2.7.LTS/lib/</path>
         <kind>archive</kind>
         <file>rtsv7M4_T_le_eabi.lib</file>
         <name>autoinit.c.obj</name>
      </input_file>
      <input_file id="fl-f3">
         <path>/home/elizabethdanzberger/ti/ccs1220/ccs/tools/compiler/ti-cgt-arm_20.2.7.LTS/lib/</path>
         <kind>archive</kind>
         <file>rtsv7M4_T_le_eabi.lib</file>
         <name>pre_init.c.obj</name>
      </input_file>
      <input_file id="fl-f4">
         <path>/home/elizabethdanzberger/ti/ccs1220/ccs/tools/compiler/ti-cgt-arm_20.2.7.LTS/lib/</path>
         <kind>archive</kind>
         <file>rtsv7M4_T_le_eabi.lib</file>
         <name>cpy_tbl.c.obj</name>
      </input_file>
      <input_file id="fl-f5">
         <path>/home/elizabethdanzberger/ti/ccs1220/ccs/tools/compiler/ti-cgt-arm_20.2.7.LTS/lib/</path>
         <kind>archive</kind>
         <file>rtsv7M4_T_le_eabi.lib</file>
         <name>exit.c.obj</name>
      </input_file>
      <input_file id="fl-f6">
         <path>/home/elizabethdanzberger/ti/ccs1220/ccs/tools/compiler/ti-cgt-arm_20.2.7.LTS/lib/</path>
         <kind>archive</kind>
         <file>rtsv7M4_T_le_eabi.lib</file>
         <name>_lock.c.obj</name>
      </input_file>
      <input_file id="fl-f7">
         <path>/home/elizabethdanzberger/ti/ccs1220/ccs/tools/compiler/ti-cgt-arm_20.2.7.LTS/lib/</path>
         <kind>archive</kind>
         <file>rtsv7M4_T_le_eabi.lib</file>
         <name>_ltoa.c.obj</name>
      </input_file>
      <input_file id="fl-f8">
         <path>/home/elizabethdanzberger/ti/ccs1220/ccs/tools/compiler/ti-cgt-arm_20.2.7.LTS/lib/</path>
         <kind>archive</kind>
         <file>rtsv7M4_T_le_eabi.lib</file>
         <name>args_main.c.obj</name>
      </input_file>
      <input_file id="fl-f9">
         <path>/home/elizabethdanzberger/ti/ccs1220/ccs/tools/compiler/ti-cgt-arm_20.2.7.LTS/lib/</path>
         <kind>archive</kind>
         <file>rtsv7M4_T_le_eabi.lib</file>
         <name>atoi.c.obj</name>
      </input_file>
      <input_file id="fl-fa">
         <path>/home/elizabethdanzberger/ti/ccs1220/ccs/tools/compiler/ti-cgt-arm_20.2.7.LTS/lib/</path>
         <kind>archive</kind>
         <file>rtsv7M4_T_le_eabi.lib</file>
         <name>ctype.c.obj</name>
      </input_file>
      <input_file id="fl-fb">
         <path>/home/elizabethdanzberger/ti/ccs1220/ccs/tools/compiler/ti-cgt-arm_20.2.7.LTS/lib/</path>
         <kind>archive</kind>
         <file>rtsv7M4_T_le_eabi.lib</file>
         <name>memccpy.c.obj</name>
      </input_file>
      <input_file id="fl-fc">
         <path>/home/elizabethdanzberger/ti/ccs1220/ccs/tools/compiler/ti-cgt-arm_20.2.7.LTS/lib/</path>
         <kind>archive</kind>
         <file>rtsv7M4_T_le_eabi.lib</file>
         <name>strchr.c.obj</name>
      </input_file>
      <input_file id="fl-fd">
         <path>/home/elizabethdanzberger/ti/ccs1220/ccs/tools/compiler/ti-cgt-arm_20.2.7.LTS/lib/</path>
         <kind>archive</kind>
         <file>rtsv7M4_T_le_eabi.lib</file>
         <name>strlen.c.obj</name>
      </input_file>
      <input_file id="fl-fe">
         <path>/home/elizabethdanzberger/ti/ccs1220/ccs/tools/compiler/ti-cgt-arm_20.2.7.LTS/lib/</path>
         <kind>archive</kind>
         <file>rtsv7M4_T_le_eabi.lib</file>
         <name>errno.c.obj</name>
      </input_file>
      <input_file id="fl-ff">
         <path>/home/elizabethdanzberger/ti/ccs1220/ccs/tools/compiler/ti-cgt-arm_20.2.7.LTS/lib/</path>
         <kind>archive</kind>
         <file>rtsv7M4_T_le_eabi.lib</file>
         <name>wcslen.c.obj</name>
      </input_file>
      <input_file id="fl-100">
         <path>/home/elizabethdanzberger/ti/ccs1220/ccs/tools/compiler/ti-cgt-arm_20.2.7.LTS/lib/</path>
         <kind>archive</kind>
         <file>rtsv7M4_T_le_eabi.lib</file>
         <name>s_frexp.c.obj</name>
      </input_file>
      <input_file id="fl-101">
         <path>/home/elizabethdanzberger/ti/ccs1220/ccs/tools/compiler/ti-cgt-arm_20.2.7.LTS/lib/</path>
         <kind>archive</kind>
         <file>rtsv7M4_T_le_eabi.lib</file>
         <name>s_scalbn.c.obj</name>
      </input_file>
      <input_file id="fl-102">
         <path>/home/elizabethdanzberger/ti/ccs1220/ccs/tools/compiler/ti-cgt-arm_20.2.7.LTS/lib/</path>
         <kind>archive</kind>
         <file>rtsv7M4_T_le_eabi.lib</file>
         <name>s_copysign.c.obj</name>
      </input_file>
   </input_file_list>
   <object_component_list>
      <object_component id="oc-70c">
         <name>.text:__TI_printfi</name>
         <load_address>0x2000c040</load_address>
         <run_address>0x2000c040</run_address>
         <size>0xa4e</size>
         <input_file_ref idref="fl-ec"/>
      </object_component>
      <object_component id="oc-1f6">
         <name>.text:Board_initHook</name>
         <load_address>0x2000ca8e</load_address>
         <run_address>0x2000ca8e</run_address>
         <size>0x2</size>
         <input_file_ref idref="fl-2"/>
      </object_component>
      <object_component id="oc-1e4">
         <name>.text:PRCMCC3200MCUInit</name>
         <load_address>0x2000ca90</load_address>
         <run_address>0x2000ca90</run_address>
         <size>0x42c</size>
         <input_file_ref idref="fl-25"/>
      </object_component>
      <object_component id="oc-72f">
         <name>.text:UART2_writeTimeout</name>
         <load_address>0x2000cebc</load_address>
         <run_address>0x2000cebc</run_address>
         <size>0x298</size>
         <input_file_ref idref="fl-f"/>
      </object_component>
      <object_component id="oc-2de">
         <name>.text:UART2_open</name>
         <load_address>0x2000d154</load_address>
         <run_address>0x2000d154</run_address>
         <size>0x294</size>
         <input_file_ref idref="fl-16"/>
      </object_component>
      <object_component id="oc-918">
         <name>.text:_pconv_a</name>
         <load_address>0x2000d3e8</load_address>
         <run_address>0x2000d3e8</run_address>
         <size>0x268</size>
         <input_file_ref idref="fl-ec"/>
      </object_component>
      <object_component id="oc-48c">
         <name>.text:UART2CC32XX_hwiIntFxn</name>
         <load_address>0x2000d650</load_address>
         <run_address>0x2000d650</run_address>
         <size>0x234</size>
         <input_file_ref idref="fl-16"/>
      </object_component>
      <object_component id="oc-906">
         <name>.text:_pconv_g</name>
         <load_address>0x2000d884</load_address>
         <run_address>0x2000d884</run_address>
         <size>0x1cc</size>
         <input_file_ref idref="fl-ec"/>
      </object_component>
      <object_component id="oc-a4a">
         <name>.text</name>
         <load_address>0x2000da50</load_address>
         <run_address>0x2000da50</run_address>
         <size>0x1b6</size>
         <input_file_ref idref="fl-ee"/>
      </object_component>
      <object_component id="oc-2f2">
         <name>.text:I2C_init</name>
         <load_address>0x2000dc06</load_address>
         <run_address>0x2000dc06</run_address>
         <size>0x2</size>
         <input_file_ref idref="fl-d"/>
      </object_component>
      <object_component id="oc-37e">
         <name>.text:PowerCC32XX_sleepPolicy</name>
         <load_address>0x2000dc08</load_address>
         <run_address>0x2000dc08</run_address>
         <size>0x1a0</size>
         <input_file_ref idref="fl-1d"/>
      </object_component>
      <object_component id="oc-2b1">
         <name>.text:GPIO_setConfig</name>
         <load_address>0x2000dda8</load_address>
         <run_address>0x2000dda8</run_address>
         <size>0x154</size>
         <input_file_ref idref="fl-11"/>
      </object_component>
      <object_component id="oc-4d6">
         <name>.text:I2CCC32XX_hwiFxn</name>
         <load_address>0x2000defc</load_address>
         <run_address>0x2000defc</run_address>
         <size>0x148</size>
         <input_file_ref idref="fl-12"/>
      </object_component>
      <object_component id="oc-836">
         <name>.text:parkPins</name>
         <load_address>0x2000e044</load_address>
         <run_address>0x2000e044</run_address>
         <size>0x148</size>
         <input_file_ref idref="fl-13"/>
      </object_component>
      <object_component id="oc-912">
         <name>.text:_pconv_e</name>
         <load_address>0x2000e18c</load_address>
         <run_address>0x2000e18c</run_address>
         <size>0x13c</size>
         <input_file_ref idref="fl-ec"/>
      </object_component>
      <object_component id="oc-582">
         <name>.text:Power_sleep</name>
         <load_address>0x2000e2c8</load_address>
         <run_address>0x2000e2c8</run_address>
         <size>0x138</size>
         <input_file_ref idref="fl-13"/>
      </object_component>
      <object_component id="oc-326">
         <name>.text:Timer_open</name>
         <load_address>0x2000e400</load_address>
         <run_address>0x2000e400</run_address>
         <size>0x138</size>
         <input_file_ref idref="fl-15"/>
      </object_component>
      <object_component id="oc-a3a">
         <name>.text</name>
         <load_address>0x2000e538</load_address>
         <run_address>0x2000e538</run_address>
         <size>0x136</size>
         <input_file_ref idref="fl-f0"/>
      </object_component>
      <object_component id="oc-4e5">
         <name>.text:I2C_transferTimeout</name>
         <load_address>0x2000e66e</load_address>
         <run_address>0x2000e66e</run_address>
         <size>0x122</size>
         <input_file_ref idref="fl-d"/>
      </object_component>
      <object_component id="oc-a5c">
         <name>.text:fcvt</name>
         <load_address>0x2000e790</load_address>
         <run_address>0x2000e790</run_address>
         <size>0x120</size>
         <input_file_ref idref="fl-ec"/>
      </object_component>
      <object_component id="oc-44d">
         <name>.text:UART2_close</name>
         <load_address>0x2000e8b0</load_address>
         <run_address>0x2000e8b0</run_address>
         <size>0x108</size>
         <input_file_ref idref="fl-16"/>
      </object_component>
      <object_component id="oc-87b">
         <name>.text:aligned_alloc</name>
         <load_address>0x2000e9b8</load_address>
         <run_address>0x2000e9b8</run_address>
         <size>0x100</size>
         <input_file_ref idref="fl-ea"/>
      </object_component>
      <object_component id="oc-20a">
         <name>.text:init_I2C</name>
         <load_address>0x2000eab8</load_address>
         <run_address>0x2000eab8</run_address>
         <size>0x100</size>
         <input_file_ref idref="fl-1"/>
      </object_component>
      <object_component id="oc-2fe">
         <name>.text:I2C_open</name>
         <load_address>0x2000ebb8</load_address>
         <run_address>0x2000ebb8</run_address>
         <size>0xfc</size>
         <input_file_ref idref="fl-12"/>
      </object_component>
      <object_component id="oc-7ad">
         <name>.text</name>
         <load_address>0x2000ecb4</load_address>
         <run_address>0x2000ecb4</run_address>
         <size>0xfc</size>
         <input_file_ref idref="fl-e1"/>
      </object_component>
      <object_component id="oc-453">
         <name>.text:UART2CC32XX_initHw</name>
         <load_address>0x2000edb0</load_address>
         <run_address>0x2000edb0</run_address>
         <size>0xec</size>
         <input_file_ref idref="fl-16"/>
      </object_component>
      <object_component id="oc-6d3">
         <name>.text:UART2Support_dmaStartRx</name>
         <load_address>0x2000ee9c</load_address>
         <run_address>0x2000ee9c</run_address>
         <size>0xe4</size>
         <input_file_ref idref="fl-16"/>
      </object_component>
      <object_component id="oc-39c">
         <name>.text:free</name>
         <load_address>0x2000ef80</load_address>
         <run_address>0x2000ef80</run_address>
         <size>0xe4</size>
         <input_file_ref idref="fl-ea"/>
      </object_component>
      <object_component id="oc-a70">
         <name>.text:scalbn</name>
         <load_address>0x2000f064</load_address>
         <run_address>0x2000f064</run_address>
         <size>0xd0</size>
         <input_file_ref idref="fl-101"/>
      </object_component>
      <object_component id="oc-6e5">
         <name>.text:UART2Support_dmaStartTx</name>
         <load_address>0x2000f134</load_address>
         <run_address>0x2000f134</run_address>
         <size>0xc8</size>
         <input_file_ref idref="fl-16"/>
      </object_component>
      <object_component id="oc-853">
         <name>.text:restoreParkedPins</name>
         <load_address>0x2000f1fc</load_address>
         <run_address>0x2000f1fc</run_address>
         <size>0xc0</size>
         <input_file_ref idref="fl-13"/>
      </object_component>
      <object_component id="oc-774">
         <name>.text:I2CCC32XX_completeTransfer</name>
         <load_address>0x2000f2bc</load_address>
         <run_address>0x2000f2bc</run_address>
         <size>0xb2</size>
         <input_file_ref idref="fl-12"/>
      </object_component>
      <object_component id="oc-378">
         <name>.text:PowerCC32XX_initPolicy</name>
         <load_address>0x2000f36e</load_address>
         <run_address>0x2000f36e</run_address>
         <size>0x2</size>
         <input_file_ref idref="fl-1d"/>
      </object_component>
      <object_component id="oc-8fb">
         <name>.text:_ltostr</name>
         <load_address>0x2000f370</load_address>
         <run_address>0x2000f370</run_address>
         <size>0xb1</size>
         <input_file_ref idref="fl-ec"/>
      </object_component>
      <object_component id="oc-762">
         <name>.text:I2CCC32XX_primeWriteBurst</name>
         <load_address>0x2000f422</load_address>
         <run_address>0x2000f422</run_address>
         <size>0xa8</size>
         <input_file_ref idref="fl-12"/>
      </object_component>
      <object_component id="oc-64e">
         <name>.text:SemaphoreP_destruct</name>
         <load_address>0x2000f4ca</load_address>
         <run_address>0x2000f4ca</run_address>
         <size>0x2</size>
         <input_file_ref idref="fl-1a"/>
      </object_component>
      <object_component id="oc-b5">
         <name>.text:IntEnable</name>
         <load_address>0x2000f4cc</load_address>
         <run_address>0x2000f4cc</run_address>
         <size>0xa8</size>
         <input_file_ref idref="fl-23"/>
      </object_component>
      <object_component id="oc-286">
         <name>.text:PowerCC32XX_configureWakeup</name>
         <load_address>0x2000f574</load_address>
         <run_address>0x2000f574</run_address>
         <size>0xa8</size>
         <input_file_ref idref="fl-13"/>
      </object_component>
      <object_component id="oc-2ab">
         <name>.text:SemaphoreP_pend</name>
         <load_address>0x2000f61c</load_address>
         <run_address>0x2000f61c</run_address>
         <size>0xa0</size>
         <input_file_ref idref="fl-1a"/>
      </object_component>
      <object_component id="oc-4c4">
         <name>.text:I2CCC32XX_initHw</name>
         <load_address>0x2000f6bc</load_address>
         <run_address>0x2000f6bc</run_address>
         <size>0x9c</size>
         <input_file_ref idref="fl-12"/>
      </object_component>
      <object_component id="oc-3b">
         <name>.text</name>
         <load_address>0x2000f758</load_address>
         <run_address>0x2000f758</run_address>
         <size>0x9c</size>
         <input_file_ref idref="fl-e5"/>
      </object_component>
      <object_component id="oc-57d">
         <name>.text</name>
         <load_address>0x2000f7f4</load_address>
         <run_address>0x2000f7f4</run_address>
         <size>0x96</size>
         <input_file_ref idref="fl-e6"/>
      </object_component>
      <object_component id="oc-31a">
         <name>.text:Timer_init</name>
         <load_address>0x2000f88a</load_address>
         <run_address>0x2000f88a</run_address>
         <size>0x2</size>
         <input_file_ref idref="fl-e"/>
      </object_component>
      <object_component id="oc-4ef">
         <name>.text:tmp_read</name>
         <load_address>0x2000f88c</load_address>
         <run_address>0x2000f88c</run_address>
         <size>0x94</size>
         <input_file_ref idref="fl-1"/>
      </object_component>
      <object_component id="oc-1f0">
         <name>.text:GPIO_init</name>
         <load_address>0x2000f920</load_address>
         <run_address>0x2000f920</run_address>
         <size>0x90</size>
         <input_file_ref idref="fl-11"/>
      </object_component>
      <object_component id="oc-847">
         <name>.text:restoreNVICRegs</name>
         <load_address>0x2000f9b0</load_address>
         <run_address>0x2000f9b0</run_address>
         <size>0x90</size>
         <input_file_ref idref="fl-13"/>
      </object_component>
      <object_component id="oc-45f">
         <name>.text:HwiP_construct</name>
         <load_address>0x2000fa40</load_address>
         <run_address>0x2000fa40</run_address>
         <size>0x8c</size>
         <input_file_ref idref="fl-1c"/>
      </object_component>
      <object_component id="oc-a05">
         <name>.text:IntPendSet</name>
         <load_address>0x2000facc</load_address>
         <run_address>0x2000facc</run_address>
         <size>0x88</size>
         <input_file_ref idref="fl-23"/>
      </object_component>
      <object_component id="oc-3cb">
         <name>.text:PinConfigSet</name>
         <load_address>0x2000fb54</load_address>
         <run_address>0x2000fb54</run_address>
         <size>0x88</size>
         <input_file_ref idref="fl-24"/>
      </object_component>
      <object_component id="oc-901">
         <name>.text:__aeabi_cdcmple</name>
         <load_address>0x2000fbdc</load_address>
         <run_address>0x2000fbdc</run_address>
         <size>0x86</size>
         <input_file_ref idref="fl-ef"/>
      </object_component>
      <object_component id="oc-a3f">
         <name>.text:__aeabi_cdrcmple</name>
         <load_address>0x2000fc62</load_address>
         <run_address>0x2000fc62</run_address>
         <size>0x86</size>
         <input_file_ref idref="fl-ef"/>
      </object_component>
      <object_component id="oc-2eb">
         <name>.text:Btn_Tick</name>
         <load_address>0x2000fce8</load_address>
         <run_address>0x2000fce8</run_address>
         <size>0x84</size>
         <input_file_ref idref="fl-1"/>
      </object_component>
      <object_component id="oc-1ea">
         <name>.text:Power_init</name>
         <load_address>0x2000fd6c</load_address>
         <run_address>0x2000fd6c</run_address>
         <size>0x84</size>
         <input_file_ref idref="fl-13"/>
      </object_component>
      <object_component id="oc-83c">
         <name>.text:saveNVICRegs</name>
         <load_address>0x2000fdf0</load_address>
         <run_address>0x2000fdf0</run_address>
         <size>0x84</size>
         <input_file_ref idref="fl-13"/>
      </object_component>
      <object_component id="oc-4b8">
         <name>.text:GPIO_write</name>
         <load_address>0x2000fe74</load_address>
         <run_address>0x2000fe74</run_address>
         <size>0x80</size>
         <input_file_ref idref="fl-11"/>
      </object_component>
      <object_component id="oc-3d1">
         <name>.text:Power_setDependency</name>
         <load_address>0x2000fef4</load_address>
         <run_address>0x2000fef4</run_address>
         <size>0x80</size>
         <input_file_ref idref="fl-13"/>
      </object_component>
      <object_component id="oc-447">
         <name>.text:UDMACC32XX_open</name>
         <load_address>0x2000ff74</load_address>
         <run_address>0x2000ff74</run_address>
         <size>0x7c</size>
         <input_file_ref idref="fl-18"/>
      </object_component>
      <object_component id="oc-75c">
         <name>.text:I2CCC32XX_primeReadBurst</name>
         <load_address>0x2000fff0</load_address>
         <run_address>0x2000fff0</run_address>
         <size>0x7a</size>
         <input_file_ref idref="fl-12"/>
      </object_component>
      <object_component id="oc-9d">
         <name>.text</name>
         <load_address>0x2001006a</load_address>
         <run_address>0x2001006a</run_address>
         <size>0x7a</size>
         <input_file_ref idref="fl-f1"/>
      </object_component>
      <object_component id="oc-166">
         <name>.text:mainThread</name>
         <load_address>0x200100e4</load_address>
         <run_address>0x200100e4</run_address>
         <size>0x78</size>
         <input_file_ref idref="fl-1"/>
      </object_component>
      <object_component id="oc-6d9">
         <name>.text:UART2CC32XX_readCallback</name>
         <load_address>0x2001015c</load_address>
         <run_address>0x2001015c</run_address>
         <size>0x74</size>
         <input_file_ref idref="fl-16"/>
      </object_component>
      <object_component id="oc-2d0">
         <name>.text:powerNotifyFxn</name>
         <load_address>0x200101d0</load_address>
         <run_address>0x200101d0</run_address>
         <size>0x74</size>
         <input_file_ref idref="fl-11"/>
      </object_component>
      <object_component id="oc-a0f">
         <name>.text:split</name>
         <load_address>0x20010244</load_address>
         <run_address>0x20010244</run_address>
         <size>0x70</size>
         <input_file_ref idref="fl-ea"/>
      </object_component>
      <object_component id="oc-a55">
         <name>.text:_mcpy</name>
         <load_address>0x200102b4</load_address>
         <run_address>0x200102b4</run_address>
         <size>0x6e</size>
         <input_file_ref idref="fl-ec"/>
      </object_component>
      <object_component id="oc-78f">
         <name>.text:I2CSupport_primeTransfer</name>
         <load_address>0x20010322</load_address>
         <run_address>0x20010322</run_address>
         <size>0x6a</size>
         <input_file_ref idref="fl-12"/>
      </object_component>
      <object_component id="oc-14">
         <name>.text:decompress:lzss:__TI_decompress_lzss</name>
         <load_address>0x2001038c</load_address>
         <run_address>0x2001038c</run_address>
         <size>0x68</size>
         <input_file_ref idref="fl-e9"/>
      </object_component>
      <object_component id="oc-1fe">
         <name>.text:init_UART2</name>
         <load_address>0x200103f4</load_address>
         <run_address>0x200103f4</run_address>
         <size>0x68</size>
         <input_file_ref idref="fl-1"/>
      </object_component>
      <object_component id="oc-3e3">
         <name>.text:GPIO_setInterruptConfig</name>
         <load_address>0x2001045c</load_address>
         <run_address>0x2001045c</run_address>
         <size>0x64</size>
         <input_file_ref idref="fl-11"/>
      </object_component>
      <object_component id="oc-41e">
         <name>.text:PowerCC32XX_setParkState</name>
         <load_address>0x200104c0</load_address>
         <run_address>0x200104c0</run_address>
         <size>0x64</size>
         <input_file_ref idref="fl-13"/>
      </object_component>
      <object_component id="oc-685">
         <name>.text:uDMAChannelAttributeDisable</name>
         <load_address>0x20010524</load_address>
         <run_address>0x20010524</run_address>
         <size>0x64</size>
         <input_file_ref idref="fl-28"/>
      </object_component>
      <object_component id="oc-3f2">
         <name>.text:GPIO_hwiIntFxn</name>
         <load_address>0x20010588</load_address>
         <run_address>0x20010588</run_address>
         <size>0x60</size>
         <input_file_ref idref="fl-11"/>
      </object_component>
      <object_component id="oc-254">
         <name>.text:PRCMSysResetCauseGet</name>
         <load_address>0x200105e8</load_address>
         <run_address>0x200105e8</run_address>
         <size>0x60</size>
         <input_file_ref idref="fl-25"/>
      </object_component>
      <object_component id="oc-6df">
         <name>.text:UART2Support_dmaStopTx</name>
         <load_address>0x20010648</load_address>
         <run_address>0x20010648</run_address>
         <size>0x5e</size>
         <input_file_ref idref="fl-16"/>
      </object_component>
      <object_component id="oc-480">
         <name>.text:UART2CC32XX_eventCallback</name>
         <load_address>0x200106a6</load_address>
         <run_address>0x200106a6</run_address>
         <size>0x2</size>
         <input_file_ref idref="fl-16"/>
      </object_component>
      <object_component id="oc-a6a">
         <name>.text:frexp</name>
         <load_address>0x200106a8</load_address>
         <run_address>0x200106a8</run_address>
         <size>0x5c</size>
         <input_file_ref idref="fl-100"/>
      </object_component>
      <object_component id="oc-8c5">
         <name>.text:sysTickInit</name>
         <load_address>0x20010704</load_address>
         <run_address>0x20010704</run_address>
         <size>0x5c</size>
         <input_file_ref idref="fl-1b"/>
      </object_component>
      <object_component id="oc-2e4">
         <name>.text:uart2_display</name>
         <load_address>0x20010760</load_address>
         <run_address>0x20010760</run_address>
         <size>0x5c</size>
         <input_file_ref idref="fl-1"/>
      </object_component>
      <object_component id="oc-26d">
         <name>.text:PRCMPeripheralReset</name>
         <load_address>0x200107bc</load_address>
         <run_address>0x200107bc</run_address>
         <size>0x58</size>
         <input_file_ref idref="fl-25"/>
      </object_component>
      <object_component id="oc-660">
         <name>.text:Power_releaseDependency</name>
         <load_address>0x20010814</load_address>
         <run_address>0x20010814</run_address>
         <size>0x58</size>
         <input_file_ref idref="fl-13"/>
      </object_component>
      <object_component id="oc-90c">
         <name>.text:_pconv_f</name>
         <load_address>0x2001086c</load_address>
         <run_address>0x2001086c</run_address>
         <size>0x56</size>
         <input_file_ref idref="fl-ec"/>
      </object_component>
      <object_component id="oc-a44">
         <name>.text:__TI_ltoa</name>
         <load_address>0x200108c2</load_address>
         <run_address>0x200108c2</run_address>
         <size>0x54</size>
         <input_file_ref idref="fl-f7"/>
      </object_component>
      <object_component id="oc-340">
         <name>.text:_nop</name>
         <load_address>0x20010916</load_address>
         <run_address>0x20010916</run_address>
         <size>0x2</size>
         <input_file_ref idref="fl-f6"/>
      </object_component>
      <object_component id="oc-204">
         <name>.text:init_GPIO</name>
         <load_address>0x20010918</load_address>
         <run_address>0x20010918</run_address>
         <size>0x54</size>
         <input_file_ref idref="fl-1"/>
      </object_component>
      <object_component id="oc-9e2">
         <name>.text:PowerCC32XX_resumeLPDS</name>
         <load_address>0x2001096c</load_address>
         <run_address>0x2001096c</run_address>
         <size>0x52</size>
         <input_file_ref idref="fl-14"/>
      </object_component>
      <object_component id="oc-a4f">
         <name>.text:_ecpy</name>
         <load_address>0x200109be</load_address>
         <run_address>0x200109be</run_address>
         <size>0x52</size>
         <input_file_ref idref="fl-ec"/>
      </object_component>
      <object_component id="oc-514">
         <name>.text:initHw</name>
         <load_address>0x20010a10</load_address>
         <run_address>0x20010a10</run_address>
         <size>0x52</size>
         <input_file_ref idref="fl-15"/>
      </object_component>
      <object_component id="oc-73">
         <name>.text:busFaultHandler</name>
         <load_address>0x20010a62</load_address>
         <run_address>0x20010a62</run_address>
         <size>0x2</size>
         <input_file_ref idref="fl-1e"/>
      </object_component>
      <object_component id="oc-79">
         <name>.text:ClockP_sysTickHandler</name>
         <load_address>0x20010a64</load_address>
         <run_address>0x20010a64</run_address>
         <size>0x50</size>
         <input_file_ref idref="fl-1b"/>
      </object_component>
      <object_component id="oc-46b">
         <name>.text:SemaphoreP_construct</name>
         <load_address>0x20010ab4</load_address>
         <run_address>0x20010ab4</run_address>
         <size>0x50</size>
         <input_file_ref idref="fl-1a"/>
      </object_component>
      <object_component id="oc-4fc">
         <name>.text:TimerCC32XX_allocateTimerResource</name>
         <load_address>0x20010b04</load_address>
         <run_address>0x20010b04</run_address>
         <size>0x50</size>
         <input_file_ref idref="fl-15"/>
      </object_component>
      <object_component id="oc-6cd">
         <name>.text:UART2Support_dmaStopRx</name>
         <load_address>0x20010b54</load_address>
         <run_address>0x20010b54</run_address>
         <size>0x50</size>
         <input_file_ref idref="fl-16"/>
      </object_component>
      <object_component id="oc-750">
         <name>.text:I2CCC32XX_readRecieveFifo</name>
         <load_address>0x20010ba4</load_address>
         <run_address>0x20010ba4</run_address>
         <size>0x4c</size>
         <input_file_ref idref="fl-12"/>
      </object_component>
      <object_component id="oc-9d9">
         <name>.text:PowerCC32XX_parkPin</name>
         <load_address>0x20010bf0</load_address>
         <run_address>0x20010bf0</run_address>
         <size>0x4c</size>
         <input_file_ref idref="fl-13"/>
      </object_component>
      <object_component id="oc-8f5">
         <name>.text:atoi</name>
         <load_address>0x20010c3c</load_address>
         <run_address>0x20010c3c</run_address>
         <size>0x4c</size>
         <input_file_ref idref="fl-f9"/>
      </object_component>
      <object_component id="oc-84d">
         <name>.text:restorePeriphClocks</name>
         <load_address>0x20010c88</load_address>
         <run_address>0x20010c88</run_address>
         <size>0x4c</size>
         <input_file_ref idref="fl-13"/>
      </object_component>
      <object_component id="oc-4a5">
         <name>.text:snprintf</name>
         <load_address>0x20010cd4</load_address>
         <run_address>0x20010cd4</run_address>
         <size>0x4c</size>
         <input_file_ref idref="fl-e0"/>
      </object_component>
      <object_component id="oc-9fd">
         <name>.text:FlashDisable</name>
         <load_address>0x20010d20</load_address>
         <run_address>0x20010d20</run_address>
         <size>0x48</size>
         <input_file_ref idref="fl-2a"/>
      </object_component>
      <object_component id="oc-5fd">
         <name>.text:GPIO_disableInt</name>
         <load_address>0x20010d68</load_address>
         <run_address>0x20010d68</run_address>
         <size>0x48</size>
         <input_file_ref idref="fl-11"/>
      </object_component>
      <object_component id="oc-3e9">
         <name>.text:GPIO_enableInt</name>
         <load_address>0x20010db0</load_address>
         <run_address>0x20010db0</run_address>
         <size>0x48</size>
         <input_file_ref idref="fl-11"/>
      </object_component>
      <object_component id="oc-859">
         <name>.text:PRCMLPDSEnter</name>
         <load_address>0x20010df8</load_address>
         <run_address>0x20010df8</run_address>
         <size>0x48</size>
         <input_file_ref idref="fl-25"/>
      </object_component>
      <object_component id="oc-267">
         <name>.text:PRCMPeripheralClkEnable</name>
         <load_address>0x20010e40</load_address>
         <run_address>0x20010e40</run_address>
         <size>0x48</size>
         <input_file_ref idref="fl-25"/>
      </object_component>
      <object_component id="oc-6f7">
         <name>.text:Power_releaseConstraint</name>
         <load_address>0x20010e88</load_address>
         <run_address>0x20010e88</run_address>
         <size>0x48</size>
         <input_file_ref idref="fl-13"/>
      </object_component>
      <object_component id="oc-7b2">
         <name>.text</name>
         <load_address>0x20010ed0</load_address>
         <run_address>0x20010ed0</run_address>
         <size>0x48</size>
         <input_file_ref idref="fl-e2"/>
      </object_component>
      <object_component id="oc-6b5">
         <name>.text:RingBuf_put</name>
         <load_address>0x20010f18</load_address>
         <run_address>0x20010f18</run_address>
         <size>0x46</size>
         <input_file_ref idref="fl-10"/>
      </object_component>
      <object_component id="oc-50e">
         <name>.text:getPrescaler</name>
         <load_address>0x20010f5e</load_address>
         <run_address>0x20010f5e</run_address>
         <size>0x46</size>
         <input_file_ref idref="fl-15"/>
      </object_component>
      <object_component id="oc-5ec">
         <name>.text:ClockP_stop</name>
         <load_address>0x20010fa4</load_address>
         <run_address>0x20010fa4</run_address>
         <size>0x44</size>
         <input_file_ref idref="fl-1b"/>
      </object_component>
      <object_component id="oc-9e7">
         <name>.text:PRCMLPDSRestoreInfoSet</name>
         <load_address>0x20010fe8</load_address>
         <run_address>0x20010fe8</run_address>
         <size>0x44</size>
         <input_file_ref idref="fl-25"/>
      </object_component>
      <object_component id="oc-842">
         <name>.text:PowerCC32XX_enterLPDS</name>
         <load_address>0x2001102c</load_address>
         <run_address>0x2001102c</run_address>
         <size>0x44</size>
         <input_file_ref idref="fl-14"/>
      </object_component>
      <object_component id="oc-2bd">
         <name>.text:SemaphoreP_post</name>
         <load_address>0x20011070</load_address>
         <run_address>0x20011070</run_address>
         <size>0x44</size>
         <input_file_ref idref="fl-1a"/>
      </object_component>
      <object_component id="oc-599">
         <name>.text:SwiP_restore</name>
         <load_address>0x200110b4</load_address>
         <run_address>0x200110b4</run_address>
         <size>0x44</size>
         <input_file_ref idref="fl-1f"/>
      </object_component>
      <object_component id="oc-32c">
         <name>.text:Timer_start</name>
         <load_address>0x200110f8</load_address>
         <run_address>0x200110f8</run_address>
         <size>0x44</size>
         <input_file_ref idref="fl-e"/>
      </object_component>
      <object_component id="oc-179">
         <name>.text:__TI_auto_init_nobinit_nopinit:__TI_auto_init_nobinit_nopinit</name>
         <load_address>0x2001113c</load_address>
         <run_address>0x2001113c</run_address>
         <size>0x44</size>
         <input_file_ref idref="fl-f2"/>
      </object_component>
      <object_component id="oc-210">
         <name>.text:init_Timer</name>
         <load_address>0x20011180</load_address>
         <run_address>0x20011180</run_address>
         <size>0x44</size>
         <input_file_ref idref="fl-1"/>
      </object_component>
      <object_component id="oc-477">
         <name>.text:ClockP_construct</name>
         <load_address>0x200111c4</load_address>
         <run_address>0x200111c4</run_address>
         <size>0x40</size>
         <input_file_ref idref="fl-1b"/>
      </object_component>
      <object_component id="oc-27f">
         <name>.text:PinModeSet</name>
         <load_address>0x20011204</load_address>
         <run_address>0x20011204</run_address>
         <size>0x40</size>
         <input_file_ref idref="fl-24"/>
      </object_component>
      <object_component id="oc-216">
         <name>.text:Tick</name>
         <load_address>0x20011244</load_address>
         <run_address>0x20011244</run_address>
         <size>0x40</size>
         <input_file_ref idref="fl-1"/>
      </object_component>
      <object_component id="oc-52e">
         <name>.text:TimerSupport_timerEnable</name>
         <load_address>0x20011284</load_address>
         <run_address>0x20011284</run_address>
         <size>0x40</size>
         <input_file_ref idref="fl-15"/>
      </object_component>
      <object_component id="oc-508">
         <name>.text:Timer_close</name>
         <load_address>0x200112c4</load_address>
         <run_address>0x200112c4</run_address>
         <size>0x40</size>
         <input_file_ref idref="fl-15"/>
      </object_component>
      <object_component id="oc-441">
         <name>.text:UDMACC32XX_init</name>
         <load_address>0x20011304</load_address>
         <run_address>0x20011304</run_address>
         <size>0x40</size>
         <input_file_ref idref="fl-18"/>
      </object_component>
      <object_component id="oc-6f1">
         <name>.text:RingBuf_putAdvance</name>
         <load_address>0x20011344</load_address>
         <run_address>0x20011344</run_address>
         <size>0x3e</size>
         <input_file_ref idref="fl-10"/>
      </object_component>
      <object_component id="oc-a62">
         <name>.text:_fcpy</name>
         <load_address>0x20011382</load_address>
         <run_address>0x20011382</run_address>
         <size>0x3e</size>
         <input_file_ref idref="fl-ec"/>
      </object_component>
      <object_component id="oc-3bb">
         <name>.text:ClockP_destruct</name>
         <load_address>0x200113c0</load_address>
         <run_address>0x200113c0</run_address>
         <size>0x3c</size>
         <input_file_ref idref="fl-1b"/>
      </object_component>
      <object_component id="oc-80c">
         <name>.text:Power_setConstraint</name>
         <load_address>0x200113fc</load_address>
         <run_address>0x200113fc</run_address>
         <size>0x3c</size>
         <input_file_ref idref="fl-13"/>
      </object_component>
      <object_component id="oc-577">
         <name>.text:getCountsRTC</name>
         <load_address>0x20011438</load_address>
         <run_address>0x20011438</run_address>
         <size>0x3a</size>
         <input_file_ref idref="fl-1d"/>
      </object_component>
      <object_component id="oc-3c1">
         <name>.text:clkFxn</name>
         <load_address>0x20011472</load_address>
         <run_address>0x20011472</run_address>
         <size>0x2</size>
         <input_file_ref idref="fl-1a"/>
      </object_component>
      <object_component id="oc-85f">
         <name>.text:PRCMLPDSEnterKeepDebugIf</name>
         <load_address>0x20011474</load_address>
         <run_address>0x20011474</run_address>
         <size>0x38</size>
         <input_file_ref idref="fl-25"/>
      </object_component>
      <object_component id="oc-db">
         <name>.text:addToList</name>
         <load_address>0x200114ac</load_address>
         <run_address>0x200114ac</run_address>
         <size>0x38</size>
         <input_file_ref idref="fl-1b"/>
      </object_component>
      <object_component id="oc-59">
         <name>.text:initVectors</name>
         <load_address>0x200114e4</load_address>
         <run_address>0x200114e4</run_address>
         <size>0x38</size>
         <input_file_ref idref="fl-1e"/>
      </object_component>
      <object_component id="oc-830">
         <name>.text:notify</name>
         <load_address>0x2001151c</load_address>
         <run_address>0x2001151c</run_address>
         <size>0x38</size>
         <input_file_ref idref="fl-13"/>
      </object_component>
      <object_component id="oc-7ed">
         <name>.text:TimerControlStall</name>
         <load_address>0x20011554</load_address>
         <run_address>0x20011554</run_address>
         <size>0x36</size>
         <input_file_ref idref="fl-26"/>
      </object_component>
      <object_component id="oc-7c7">
         <name>.text:Timer_stop</name>
         <load_address>0x2001158a</load_address>
         <run_address>0x2001158a</run_address>
         <size>0x36</size>
         <input_file_ref idref="fl-e"/>
      </object_component>
      <object_component id="oc-63c">
         <name>.text:UART2_rxDisable</name>
         <load_address>0x200115c0</load_address>
         <run_address>0x200115c0</run_address>
         <size>0x36</size>
         <input_file_ref idref="fl-f"/>
      </object_component>
      <object_component id="oc-6d">
         <name>.text:defaultHandler</name>
         <load_address>0x200115f6</load_address>
         <run_address>0x200115f6</run_address>
         <size>0x2</size>
         <input_file_ref idref="fl-1e"/>
      </object_component>
      <object_component id="oc-565">
         <name>.text:ClockP_getTicksUntilInterrupt</name>
         <load_address>0x200115f8</load_address>
         <run_address>0x200115f8</run_address>
         <size>0x34</size>
         <input_file_ref idref="fl-1b"/>
      </object_component>
      <object_component id="oc-6a4">
         <name>.text:ClockP_startup</name>
         <load_address>0x2001162c</load_address>
         <run_address>0x2001162c</run_address>
         <size>0x34</size>
         <input_file_ref idref="fl-1b"/>
      </object_component>
      <object_component id="oc-4b2">
         <name>.text:GPIO_read</name>
         <load_address>0x20011660</load_address>
         <run_address>0x20011660</run_address>
         <size>0x34</size>
         <input_file_ref idref="fl-11"/>
      </object_component>
      <object_component id="oc-279">
         <name>.text:PinModeGet</name>
         <load_address>0x20011694</load_address>
         <run_address>0x20011694</run_address>
         <size>0x34</size>
         <input_file_ref idref="fl-24"/>
      </object_component>
      <object_component id="oc-666">
         <name>.text:PowerCC32XX_restoreParkState</name>
         <load_address>0x200116c8</load_address>
         <run_address>0x200116c8</run_address>
         <size>0x34</size>
         <input_file_ref idref="fl-13"/>
      </object_component>
      <object_component id="oc-8e3">
         <name>.text:RingBuf_getConsume</name>
         <load_address>0x200116fc</load_address>
         <run_address>0x200116fc</run_address>
         <size>0x34</size>
         <input_file_ref idref="fl-10"/>
      </object_component>
      <object_component id="oc-6eb">
         <name>.text:RingBuf_putPointer</name>
         <load_address>0x20011730</load_address>
         <run_address>0x20011730</run_address>
         <size>0x34</size>
         <input_file_ref idref="fl-10"/>
      </object_component>
      <object_component id="oc-7d3">
         <name>.text:TimerCC32XX_freeTimerResource</name>
         <load_address>0x20011764</load_address>
         <run_address>0x20011764</run_address>
         <size>0x34</size>
         <input_file_ref idref="fl-15"/>
      </object_component>
      <object_component id="oc-526">
         <name>.text:TimerCC32XX_hwiIntFunction</name>
         <load_address>0x20011798</load_address>
         <run_address>0x20011798</run_address>
         <size>0x34</size>
         <input_file_ref idref="fl-15"/>
      </object_component>
      <object_component id="oc-94c">
         <name>.text:UART2Support_sendData</name>
         <load_address>0x200117cc</load_address>
         <run_address>0x200117cc</run_address>
         <size>0x34</size>
         <input_file_ref idref="fl-16"/>
      </object_component>
      <object_component id="oc-654">
         <name>.text:UDMACC32XX_close</name>
         <load_address>0x20011800</load_address>
         <run_address>0x20011800</run_address>
         <size>0x34</size>
         <input_file_ref idref="fl-18"/>
      </object_component>
      <object_component id="oc-7bc">
         <name>.text:getPowerMgrId</name>
         <load_address>0x20011834</load_address>
         <run_address>0x20011834</run_address>
         <size>0x34</size>
         <input_file_ref idref="fl-15"/>
      </object_component>
      <object_component id="oc-89b">
         <name>.text:UART2Support_disableRx</name>
         <load_address>0x20011868</load_address>
         <run_address>0x20011868</run_address>
         <size>0x32</size>
         <input_file_ref idref="fl-16"/>
      </object_component>
      <object_component id="oc-67">
         <name>.text:faultISR</name>
         <load_address>0x2001189a</load_address>
         <run_address>0x2001189a</run_address>
         <size>0x2</size>
         <input_file_ref idref="fl-1e"/>
      </object_component>
      <object_component id="oc-3a9">
         <name>.text:ClockP_start</name>
         <load_address>0x2001189c</load_address>
         <run_address>0x2001189c</run_address>
         <size>0x30</size>
         <input_file_ref idref="fl-1b"/>
      </object_component>
      <object_component id="oc-9f6">
         <name>.text:PowerCC32XX_restoreParkedPin</name>
         <load_address>0x200118cc</load_address>
         <run_address>0x200118cc</run_address>
         <size>0x30</size>
         <input_file_ref idref="fl-13"/>
      </object_component>
      <object_component id="oc-642">
         <name>.text:UARTDisable</name>
         <load_address>0x200118fc</load_address>
         <run_address>0x200118fc</run_address>
         <size>0x30</size>
         <input_file_ref idref="fl-27"/>
      </object_component>
      <object_component id="oc-712">
         <name>.text:_outs</name>
         <load_address>0x2001192c</load_address>
         <run_address>0x2001192c</run_address>
         <size>0x30</size>
         <input_file_ref idref="fl-e0"/>
      </object_component>
      <object_component id="oc-7a8">
         <name>.text</name>
         <load_address>0x2001195c</load_address>
         <run_address>0x2001195c</run_address>
         <size>0x2e</size>
         <input_file_ref idref="fl-e3"/>
      </object_component>
      <object_component id="oc-61">
         <name>.text:nmiISR</name>
         <load_address>0x2001198a</load_address>
         <run_address>0x2001198a</run_address>
         <size>0x2</size>
         <input_file_ref idref="fl-1e"/>
      </object_component>
      <object_component id="oc-43b">
         <name>.text:PowerCC32XX_getParkState</name>
         <load_address>0x2001198c</load_address>
         <run_address>0x2001198c</run_address>
         <size>0x2c</size>
         <input_file_ref idref="fl-13"/>
      </object_component>
      <object_component id="oc-3dd">
         <name>.text:HwiP_create</name>
         <load_address>0x200119b8</load_address>
         <run_address>0x200119b8</run_address>
         <size>0x2a</size>
         <input_file_ref idref="fl-1c"/>
      </object_component>
      <object_component id="oc-8dd">
         <name>.text:RingBuf_getPointer</name>
         <load_address>0x200119e2</load_address>
         <run_address>0x200119e2</run_address>
         <size>0x2a</size>
         <input_file_ref idref="fl-10"/>
      </object_component>
      <object_component id="oc-7e7">
         <name>.text:TimerLoadSet</name>
         <load_address>0x20011a0c</load_address>
         <run_address>0x20011a0c</run_address>
         <size>0x2a</size>
         <input_file_ref idref="fl-26"/>
      </object_component>
      <object_component id="oc-7e1">
         <name>.text:TimerPrescaleSet</name>
         <load_address>0x20011a36</load_address>
         <run_address>0x20011a36</run_address>
         <size>0x2a</size>
         <input_file_ref idref="fl-26"/>
      </object_component>
      <object_component id="oc-768">
         <name>.text:I2CFIFODataPutNonBlocking</name>
         <load_address>0x20011a60</load_address>
         <run_address>0x20011a60</run_address>
         <size>0x28</size>
         <input_file_ref idref="fl-22"/>
      </object_component>
      <object_component id="oc-273">
         <name>.text:PRCMPeripheralClkDisable</name>
         <load_address>0x20011a88</load_address>
         <run_address>0x20011a88</run_address>
         <size>0x28</size>
         <input_file_ref idref="fl-25"/>
      </object_component>
      <object_component id="oc-2b7">
         <name>.text:Power_registerNotify</name>
         <load_address>0x20011ab0</load_address>
         <run_address>0x20011ab0</run_address>
         <size>0x28</size>
         <input_file_ref idref="fl-13"/>
      </object_component>
      <object_component id="oc-5e4">
         <name>.text:free_list_insert</name>
         <load_address>0x20011ad8</load_address>
         <run_address>0x20011ad8</run_address>
         <size>0x28</size>
         <input_file_ref idref="fl-ea"/>
      </object_component>
      <object_component id="oc-6c7">
         <name>.text:uDMAChannelIsEnabled</name>
         <load_address>0x20011b00</load_address>
         <run_address>0x20011b00</run_address>
         <size>0x28</size>
         <input_file_ref idref="fl-28"/>
      </object_component>
      <object_component id="oc-969">
         <name>.text:I2CFIFODataGetNonBlocking</name>
         <load_address>0x20011b28</load_address>
         <run_address>0x20011b28</run_address>
         <size>0x26</size>
         <input_file_ref idref="fl-22"/>
      </object_component>
      <object_component id="oc-79b">
         <name>.text:I2C_cancel</name>
         <load_address>0x20011b4e</load_address>
         <run_address>0x20011b4e</run_address>
         <size>0x26</size>
         <input_file_ref idref="fl-d"/>
      </object_component>
      <object_component id="oc-3fd">
         <name>.text:List_put</name>
         <load_address>0x20011b74</load_address>
         <run_address>0x20011b74</run_address>
         <size>0x26</size>
         <input_file_ref idref="fl-17"/>
      </object_component>
      <object_component id="oc-8ac">
         <name>.text:List_remove</name>
         <load_address>0x20011b9a</load_address>
         <run_address>0x20011b9a</run_address>
         <size>0x26</size>
         <input_file_ref idref="fl-17"/>
      </object_component>
      <object_component id="oc-699">
         <name>.text:HwiP_dispatch</name>
         <load_address>0x20011bc0</load_address>
         <run_address>0x20011bc0</run_address>
         <size>0x24</size>
         <input_file_ref idref="fl-1c"/>
      </object_component>
      <object_component id="oc-42f">
         <name>.text:PowerCC32XX_reset</name>
         <load_address>0x20011be4</load_address>
         <run_address>0x20011be4</run_address>
         <size>0x24</size>
         <input_file_ref idref="fl-13"/>
      </object_component>
      <object_component id="oc-9b6">
         <name>.text:TimerSupport_timerDisable</name>
         <load_address>0x20011c08</load_address>
         <run_address>0x20011c08</run_address>
         <size>0x24</size>
         <input_file_ref idref="fl-15"/>
      </object_component>
      <object_component id="oc-679">
         <name>.text:UARTEnable</name>
         <load_address>0x20011c2c</load_address>
         <run_address>0x20011c2c</run_address>
         <size>0x24</size>
         <input_file_ref idref="fl-27"/>
      </object_component>
      <object_component id="oc-c5">
         <name>.text:_c_int00_noargs:_c_int00_noargs</name>
         <load_address>0x20011c50</load_address>
         <run_address>0x20011c50</run_address>
         <size>0x24</size>
         <input_file_ref idref="fl-eb"/>
      </object_component>
      <object_component id="oc-304">
         <name>.text:uart2_write</name>
         <load_address>0x20011c74</load_address>
         <run_address>0x20011c74</run_address>
         <size>0x24</size>
         <input_file_ref idref="fl-1"/>
      </object_component>
      <object_component id="oc-971">
         <name>.text:I2CMasterSlaveAddrSet</name>
         <load_address>0x20011c98</load_address>
         <run_address>0x20011c98</run_address>
         <size>0x22</size>
         <input_file_ref idref="fl-22"/>
      </object_component>
      <object_component id="oc-498">
         <name>.text:UART2CC32XX_writeTimeout</name>
         <load_address>0x20011cba</load_address>
         <run_address>0x20011cba</run_address>
         <size>0x22</size>
         <input_file_ref idref="fl-16"/>
      </object_component>
      <object_component id="oc-648">
         <name>.text:HwiP_destruct</name>
         <load_address>0x20011cdc</load_address>
         <run_address>0x20011cdc</run_address>
         <size>0x20</size>
         <input_file_ref idref="fl-1c"/>
      </object_component>
      <object_component id="oc-65a">
         <name>.text:Power_unregisterNotify</name>
         <load_address>0x20011cfc</load_address>
         <run_address>0x20011cfc</run_address>
         <size>0x20</size>
         <input_file_ref idref="fl-13"/>
      </object_component>
      <object_component id="oc-313">
         <name>.text:TMP_Tick</name>
         <load_address>0x20011d1c</load_address>
         <run_address>0x20011d1c</run_address>
         <size>0x20</size>
         <input_file_ref idref="fl-1"/>
      </object_component>
      <object_component id="oc-429">
         <name>.text:UART2CC32XX_getPowerMgrId</name>
         <load_address>0x20011d3c</load_address>
         <run_address>0x20011d3c</run_address>
         <size>0x20</size>
         <input_file_ref idref="fl-16"/>
      </object_component>
      <object_component id="oc-744">
         <name>.text:I2CMasterIntStatusEx</name>
         <load_address>0x20011d5c</load_address>
         <run_address>0x20011d5c</run_address>
         <size>0x1e</size>
         <input_file_ref idref="fl-22"/>
      </object_component>
      <object_component id="oc-465">
         <name>.text:SemaphoreP_constructBinary</name>
         <load_address>0x20011d7a</load_address>
         <run_address>0x20011d7a</run_address>
         <size>0x1e</size>
         <input_file_ref idref="fl-1a"/>
      </object_component>
      <object_component id="oc-7db">
         <name>.text:TimerDisable</name>
         <load_address>0x20011d98</load_address>
         <run_address>0x20011d98</run_address>
         <size>0x1e</size>
         <input_file_ref idref="fl-26"/>
      </object_component>
      <object_component id="oc-812">
         <name>.text:TimerEnable</name>
         <load_address>0x20011db6</load_address>
         <run_address>0x20011db6</run_address>
         <size>0x1e</size>
         <input_file_ref idref="fl-26"/>
      </object_component>
      <object_component id="oc-629">
         <name>.text:postNotifyFxn</name>
         <load_address>0x20011dd4</load_address>
         <run_address>0x20011dd4</run_address>
         <size>0x1e</size>
         <input_file_ref idref="fl-18"/>
      </object_component>
      <object_component id="oc-82a">
         <name>.text</name>
         <load_address>0x20011df2</load_address>
         <run_address>0x20011df2</run_address>
         <size>0x2</size>
         <input_file_ref idref="fl-ed"/>
      </object_component>
      <object_component id="oc-66c">
         <name>.text:PinToPadGet</name>
         <load_address>0x20011df4</load_address>
         <run_address>0x20011df4</run_address>
         <size>0x1c</size>
         <input_file_ref idref="fl-24"/>
      </object_component>
      <object_component id="oc-559">
         <name>.text:SwiP_disable</name>
         <load_address>0x20011e10</load_address>
         <run_address>0x20011e10</run_address>
         <size>0x1c</size>
         <input_file_ref idref="fl-1f"/>
      </object_component>
      <object_component id="oc-5de">
         <name>.text:free_list_remove</name>
         <load_address>0x20011e2c</load_address>
         <run_address>0x20011e2c</run_address>
         <size>0x1c</size>
         <input_file_ref idref="fl-ea"/>
      </object_component>
      <object_component id="oc-91e">
         <name>.text:memccpy</name>
         <load_address>0x20011e48</load_address>
         <run_address>0x20011e48</run_address>
         <size>0x1c</size>
         <input_file_ref idref="fl-fb"/>
      </object_component>
      <object_component id="oc-293">
         <name>.text:SemaphoreP_createBinary</name>
         <load_address>0x20011e64</load_address>
         <run_address>0x20011e64</run_address>
         <size>0x1a</size>
         <input_file_ref idref="fl-1a"/>
      </object_component>
      <object_component id="oc-21">
         <name>.text:resetISR</name>
         <load_address>0x20011e80</load_address>
         <run_address>0x20011e80</run_address>
         <size>0x1a</size>
         <input_file_ref idref="fl-1e"/>
      </object_component>
      <object_component id="oc-99c">
         <name>.text:I2CMasterBusBusy</name>
         <load_address>0x20011e9a</load_address>
         <run_address>0x20011e9a</run_address>
         <size>0x18</size>
         <input_file_ref idref="fl-22"/>
      </object_component>
      <object_component id="oc-756">
         <name>.text:I2CMasterIntDisableEx</name>
         <load_address>0x20011eb2</load_address>
         <run_address>0x20011eb2</run_address>
         <size>0x18</size>
         <input_file_ref idref="fl-22"/>
      </object_component>
      <object_component id="oc-983">
         <name>.text:I2CMasterIntEnableEx</name>
         <load_address>0x20011eca</load_address>
         <run_address>0x20011eca</run_address>
         <size>0x18</size>
         <input_file_ref idref="fl-22"/>
      </object_component>
      <object_component id="oc-996">
         <name>.text:I2CRxFIFOFlush</name>
         <load_address>0x20011ee2</load_address>
         <run_address>0x20011ee2</run_address>
         <size>0x18</size>
         <input_file_ref idref="fl-22"/>
      </object_component>
      <object_component id="oc-990">
         <name>.text:I2CTxFIFOFlush</name>
         <load_address>0x20011efa</load_address>
         <run_address>0x20011efa</run_address>
         <size>0x18</size>
         <input_file_ref idref="fl-22"/>
      </object_component>
      <object_component id="oc-56b">
         <name>.text:Power_getTransitionLatency</name>
         <load_address>0x20011f14</load_address>
         <run_address>0x20011f14</run_address>
         <size>0x18</size>
         <input_file_ref idref="fl-13"/>
      </object_component>
      <object_component id="oc-873">
         <name>.text:Power_idleFunc</name>
         <load_address>0x20011f2c</load_address>
         <run_address>0x20011f2c</run_address>
         <size>0x18</size>
         <input_file_ref idref="fl-13"/>
      </object_component>
      <object_component id="oc-aad">
         <name>.text:TimerIntDisable</name>
         <load_address>0x20011f44</load_address>
         <run_address>0x20011f44</run_address>
         <size>0x18</size>
         <input_file_ref idref="fl-26"/>
      </object_component>
      <object_component id="oc-806">
         <name>.text:TimerIntEnable</name>
         <load_address>0x20011f5c</load_address>
         <run_address>0x20011f5c</run_address>
         <size>0x18</size>
         <input_file_ref idref="fl-26"/>
      </object_component>
      <object_component id="oc-952">
         <name>.text:UART2Support_txDone</name>
         <load_address>0x20011f74</load_address>
         <run_address>0x20011f74</run_address>
         <size>0x18</size>
         <input_file_ref idref="fl-16"/>
      </object_component>
      <object_component id="oc-2d8">
         <name>.text:UART2_Params_init</name>
         <load_address>0x20011f8c</load_address>
         <run_address>0x20011f8c</run_address>
         <size>0x18</size>
         <input_file_ref idref="fl-f"/>
      </object_component>
      <object_component id="oc-636">
         <name>.text:UARTDMADisable</name>
         <load_address>0x20011fa4</load_address>
         <run_address>0x20011fa4</run_address>
         <size>0x18</size>
         <input_file_ref idref="fl-27"/>
      </object_component>
      <object_component id="oc-630">
         <name>.text:UARTIntDisable</name>
         <load_address>0x20011fbc</load_address>
         <run_address>0x20011fbc</run_address>
         <size>0x18</size>
         <input_file_ref idref="fl-27"/>
      </object_component>
      <object_component id="oc-67f">
         <name>.text:UARTIntEnable</name>
         <load_address>0x20011fd4</load_address>
         <run_address>0x20011fd4</run_address>
         <size>0x18</size>
         <input_file_ref idref="fl-27"/>
      </object_component>
      <object_component id="oc-718">
         <name>.text:_outc</name>
         <load_address>0x20011fec</load_address>
         <run_address>0x20011fec</run_address>
         <size>0x18</size>
         <input_file_ref idref="fl-e0"/>
      </object_component>
      <object_component id="oc-588">
         <name>.text</name>
         <load_address>0x20012004</load_address>
         <run_address>0x20012004</run_address>
         <size>0x18</size>
         <input_file_ref idref="fl-e4"/>
      </object_component>
      <object_component id="oc-97d">
         <name>.text:I2CMasterBurstLengthSet</name>
         <load_address>0x2001201c</load_address>
         <run_address>0x2001201c</run_address>
         <size>0x16</size>
         <input_file_ref idref="fl-22"/>
      </object_component>
      <object_component id="oc-261">
         <name>.text:PRCMHIBRegRead</name>
         <load_address>0x20012032</load_address>
         <run_address>0x20012032</run_address>
         <size>0x16</size>
         <input_file_ref idref="fl-25"/>
      </object_component>
      <object_component id="oc-25b">
         <name>.text:PRCMHIBRegWrite</name>
         <load_address>0x20012048</load_address>
         <run_address>0x20012048</run_address>
         <size>0x16</size>
         <input_file_ref idref="fl-25"/>
      </object_component>
      <object_component id="oc-391">
         <name>.text:SemaphoreP_create</name>
         <load_address>0x2001205e</load_address>
         <run_address>0x2001205e</run_address>
         <size>0x16</size>
         <input_file_ref idref="fl-1a"/>
      </object_component>
      <object_component id="oc-a76">
         <name>.text:strchr</name>
         <load_address>0x20012074</load_address>
         <run_address>0x20012074</run_address>
         <size>0x16</size>
         <input_file_ref idref="fl-fc"/>
      </object_component>
      <object_component id="oc-15a">
         <name>.text:Board_init</name>
         <load_address>0x2001208a</load_address>
         <run_address>0x2001208a</run_address>
         <size>0x14</size>
         <input_file_ref idref="fl-2"/>
      </object_component>
      <object_component id="oc-a3">
         <name>.text:CPUcpsid</name>
         <load_address>0x2001209e</load_address>
         <run_address>0x2001209e</run_address>
         <size>0x14</size>
         <input_file_ref idref="fl-21"/>
      </object_component>
      <object_component id="oc-404">
         <name>.text:HwiP_inISR</name>
         <load_address>0x200120b4</load_address>
         <run_address>0x200120b4</run_address>
         <size>0x14</size>
         <input_file_ref idref="fl-1c"/>
      </object_component>
      <object_component id="oc-9a4">
         <name>.text:I2CSupport_masterFinish</name>
         <load_address>0x200120c8</load_address>
         <run_address>0x200120c8</run_address>
         <size>0x14</size>
         <input_file_ref idref="fl-12"/>
      </object_component>
      <object_component id="oc-30a">
         <name>.text:I2C_transfer</name>
         <load_address>0x200120dc</load_address>
         <run_address>0x200120dc</run_address>
         <size>0x14</size>
         <input_file_ref idref="fl-d"/>
      </object_component>
      <object_component id="oc-af">
         <name>.text:IntVTableBaseSet</name>
         <load_address>0x200120f0</load_address>
         <run_address>0x200120f0</run_address>
         <size>0x14</size>
         <input_file_ref idref="fl-23"/>
      </object_component>
      <object_component id="oc-40a">
         <name>.text:Power_disablePolicy</name>
         <load_address>0x20012104</load_address>
         <run_address>0x20012104</run_address>
         <size>0x14</size>
         <input_file_ref idref="fl-13"/>
      </object_component>
      <object_component id="oc-9ef">
         <name>.text:Power_getDependencyCount</name>
         <load_address>0x20012118</load_address>
         <run_address>0x20012118</run_address>
         <size>0x14</size>
         <input_file_ref idref="fl-13"/>
      </object_component>
      <object_component id="oc-8ef">
         <name>.text:strlen</name>
         <load_address>0x2001212c</load_address>
         <run_address>0x2001212c</run_address>
         <size>0x14</size>
         <input_file_ref idref="fl-fd"/>
      </object_component>
      <object_component id="oc-3d7">
         <name>.text:HwiP_Params_init</name>
         <load_address>0x20012140</load_address>
         <run_address>0x20012140</run_address>
         <size>0x12</size>
         <input_file_ref idref="fl-1c"/>
      </object_component>
      <object_component id="oc-74a">
         <name>.text:I2CMasterIntClearEx</name>
         <load_address>0x20012152</load_address>
         <run_address>0x20012152</run_address>
         <size>0x12</size>
         <input_file_ref idref="fl-22"/>
      </object_component>
      <object_component id="oc-435">
         <name>.text:RingBuf_construct</name>
         <load_address>0x20012164</load_address>
         <run_address>0x20012164</run_address>
         <size>0x12</size>
         <input_file_ref idref="fl-10"/>
      </object_component>
      <object_component id="oc-7fd">
         <name>.text:TimerIntClear</name>
         <load_address>0x20012176</load_address>
         <run_address>0x20012176</run_address>
         <size>0x12</size>
         <input_file_ref idref="fl-26"/>
      </object_component>
      <object_component id="oc-673">
         <name>.text:UARTIntClear</name>
         <load_address>0x20012188</load_address>
         <run_address>0x20012188</run_address>
         <size>0x12</size>
         <input_file_ref idref="fl-27"/>
      </object_component>
      <object_component id="oc-6bb">
         <name>.text:UARTRxErrorGet</name>
         <load_address>0x2001219a</load_address>
[...]
         <value>0x20011e81</value>
         <object_component_ref idref="oc-21"/>
      </symbol>
      <symbol id="sm-b8b">
         <name>resetVectorAddr</name>
         <value>0x20011e94</value>
         <object_component_ref idref="oc-21"/>
      </symbol>
      <symbol id="sm-b8c">
         <name>initVectors</name>
         <value>0x200114e5</value>
         <object_component_ref idref="oc-59"/>
      </symbol>
      <symbol id="sm-b8d">
         <name>resetVectors</name>
         <value>0x20004000</value>
         <object_component_ref idref="oc-27"/>
      </symbol>
      <symbol id="sm-bbd">
         <name>SwiP_disable</name>
         <value>0x20011e11</value>
         <object_component_ref idref="oc-559"/>
      </symbol>
      <symbol id="sm-bbe">
         <name>SwiP_restore</name>
         <value>0x200110b5</value>
         <object_component_ref idref="oc-599"/>
      </symbol>
      <symbol id="sm-bd1">
         <name>CPUprimask</name>
         <value>0x200123b1</value>
         <object_component_ref idref="oc-a98"/>
      </symbol>
      <symbol id="sm-bd2">
         <name>CPUcpsid</name>
         <value>0x2001209f</value>
         <object_component_ref idref="oc-a3"/>
      </symbol>
      <symbol id="sm-c3f">
         <name>I2CRxFIFOFlush</name>
         <value>0x20011ee3</value>
         <object_component_ref idref="oc-996"/>
      </symbol>
      <symbol id="sm-c40">
         <name>I2CTxFIFOFlush</name>
         <value>0x20011efb</value>
         <object_component_ref idref="oc-990"/>
      </symbol>
      <symbol id="sm-c41">
         <name>I2CFIFODataPutNonBlocking</name>
         <value>0x20011a61</value>
         <object_component_ref idref="oc-768"/>
      </symbol>
      <symbol id="sm-c42">
         <name>I2CMasterBusBusy</name>
         <value>0x20011e9b</value>
         <object_component_ref idref="oc-99c"/>
      </symbol>
      <symbol id="sm-c43">
         <name>I2CMasterIntDisableEx</name>
         <value>0x20011eb3</value>
         <object_component_ref idref="oc-756"/>
      </symbol>
      <symbol id="sm-c44">
         <name>I2CMasterBurstLengthSet</name>
         <value>0x2001201d</value>
         <object_component_ref idref="oc-97d"/>
      </symbol>
      <symbol id="sm-c45">
         <name>I2CMasterIntClearEx</name>
         <value>0x20012153</value>
         <object_component_ref idref="oc-74a"/>
      </symbol>
      <symbol id="sm-c46">
         <name>I2CMasterSlaveAddrSet</name>
         <value>0x20011c99</value>
         <object_component_ref idref="oc-971"/>
      </symbol>
      <symbol id="sm-c47">
         <name>I2CMasterIntEnableEx</name>
         <value>0x20011ecb</value>
         <object_component_ref idref="oc-983"/>
      </symbol>
      <symbol id="sm-c48">
         <name>I2CFIFOStatus</name>
         <value>0x20012241</value>
         <object_component_ref idref="oc-76e"/>
      </symbol>
      <symbol id="sm-c49">
         <name>I2CMasterIntStatusEx</name>
         <value>0x20011d5d</value>
         <object_component_ref idref="oc-744"/>
      </symbol>
      <symbol id="sm-c4a">
         <name>I2CFIFODataGetNonBlocking</name>
         <value>0x20011b29</value>
         <object_component_ref idref="oc-969"/>
      </symbol>
      <symbol id="sm-c8f">
         <name>IntVTableBaseSet</name>
         <value>0x200120f1</value>
         <object_component_ref idref="oc-af"/>
      </symbol>
      <symbol id="sm-c90">
         <name>IntEnable</name>
         <value>0x2000f4cd</value>
         <object_component_ref idref="oc-b5"/>
      </symbol>
      <symbol id="sm-c91">
         <name>IntMasterDisable</name>
         <value>0x200123cf</value>
         <object_component_ref idref="oc-53"/>
      </symbol>
      <symbol id="sm-c92">
         <name>IntPendSet</name>
         <value>0x2000facd</value>
         <object_component_ref idref="oc-a05"/>
      </symbol>
      <symbol id="sm-ccc">
         <name>PinModeGet</name>
         <value>0x20011695</value>
         <object_component_ref idref="oc-279"/>
      </symbol>
      <symbol id="sm-ccd">
         <name>PinConfigSet</name>
         <value>0x2000fb55</value>
         <object_component_ref idref="oc-3cb"/>
      </symbol>
      <symbol id="sm-cce">
         <name>PinModeSet</name>
         <value>0x20011205</value>
         <object_component_ref idref="oc-27f"/>
      </symbol>
      <symbol id="sm-ccf">
         <name>PinToPadGet</name>
         <value>0x20011df5</value>
         <object_component_ref idref="oc-66c"/>
      </symbol>
      <symbol id="sm-d98">
         <name>PRCMLPDSRestoreInfoSet</name>
         <value>0x20010fe9</value>
         <object_component_ref idref="oc-9e7"/>
      </symbol>
      <symbol id="sm-d99">
         <name>PRCMPeripheralReset</name>
         <value>0x200107bd</value>
         <object_component_ref idref="oc-26d"/>
      </symbol>
      <symbol id="sm-d9a">
         <name>PRCMLPDSEnter</name>
         <value>0x20010df9</value>
         <object_component_ref idref="oc-859"/>
      </symbol>
      <symbol id="sm-d9b">
         <name>PRCMPeripheralClkEnable</name>
         <value>0x20010e41</value>
         <object_component_ref idref="oc-267"/>
      </symbol>
      <symbol id="sm-d9c">
         <name>PRCMLPDSEnterKeepDebugIf</name>
         <value>0x20011475</value>
         <object_component_ref idref="oc-85f"/>
      </symbol>
      <symbol id="sm-d9d">
         <name>PRCMCC3200MCUInit</name>
         <value>0x2000ca91</value>
         <object_component_ref idref="oc-1e4"/>
      </symbol>
      <symbol id="sm-d9e">
         <name>PRCMHIBRegWrite</name>
         <value>0x20012049</value>
         <object_component_ref idref="oc-25b"/>
      </symbol>
      <symbol id="sm-d9f">
         <name>PRCMSysResetCauseGet</name>
         <value>0x200105e9</value>
         <object_component_ref idref="oc-254"/>
      </symbol>
      <symbol id="sm-da0">
         <name>PRCMPeripheralClkDisable</name>
         <value>0x20011a89</value>
         <object_component_ref idref="oc-273"/>
      </symbol>
      <symbol id="sm-da1">
         <name>PRCMHIBRegRead</name>
         <value>0x20012033</value>
         <object_component_ref idref="oc-261"/>
      </symbol>
      <symbol id="sm-de9">
         <name>TimerLoadSet</name>
         <value>0x20011a0d</value>
         <object_component_ref idref="oc-7e7"/>
      </symbol>
      <symbol id="sm-dea">
         <name>TimerDisable</name>
         <value>0x20011d99</value>
         <object_component_ref idref="oc-7db"/>
      </symbol>
      <symbol id="sm-deb">
         <name>TimerEnable</name>
         <value>0x20011db7</value>
         <object_component_ref idref="oc-812"/>
      </symbol>
      <symbol id="sm-dec">
         <name>TimerIntDisable</name>
         <value>0x20011f45</value>
         <object_component_ref idref="oc-aad"/>
      </symbol>
      <symbol id="sm-ded">
         <name>TimerPrescaleSet</name>
         <value>0x20011a37</value>
         <object_component_ref idref="oc-7e1"/>
      </symbol>
      <symbol id="sm-dee">
         <name>TimerControlStall</name>
         <value>0x20011555</value>
         <object_component_ref idref="oc-7ed"/>
      </symbol>
      <symbol id="sm-def">
         <name>TimerIntEnable</name>
         <value>0x20011f5d</value>
         <object_component_ref idref="oc-806"/>
      </symbol>
      <symbol id="sm-df0">
         <name>TimerIntClear</name>
         <value>0x20012177</value>
         <object_component_ref idref="oc-7fd"/>
      </symbol>
      <symbol id="sm-e2d">
         <name>UARTDisable</name>
         <value>0x200118fd</value>
         <object_component_ref idref="oc-642"/>
      </symbol>
      <symbol id="sm-e2e">
         <name>UARTIntEnable</name>
         <value>0x20011fd5</value>
         <object_component_ref idref="oc-67f"/>
      </symbol>
      <symbol id="sm-e2f">
         <name>UARTIntDisable</name>
         <value>0x20011fbd</value>
         <object_component_ref idref="oc-630"/>
      </symbol>
      <symbol id="sm-e30">
         <name>UARTRxErrorGet</name>
         <value>0x2001219b</value>
         <object_component_ref idref="oc-6bb"/>
      </symbol>
      <symbol id="sm-e31">
         <name>UARTEnable</name>
         <value>0x20011c2d</value>
         <object_component_ref idref="oc-679"/>
      </symbol>
      <symbol id="sm-e32">
         <name>UARTIntClear</name>
         <value>0x20012189</value>
         <object_component_ref idref="oc-673"/>
      </symbol>
      <symbol id="sm-e33">
         <name>UARTDMADisable</name>
         <value>0x20011fa5</value>
         <object_component_ref idref="oc-636"/>
      </symbol>
      <symbol id="sm-e66">
         <name>uDMAChannelIsEnabled</name>
         <value>0x20011b01</value>
         <object_component_ref idref="oc-6c7"/>
      </symbol>
      <symbol id="sm-e67">
         <name>uDMAErrorStatusGet</name>
         <value>0x200123a5</value>
         <object_component_ref idref="oc-ac1"/>
      </symbol>
      <symbol id="sm-e68">
         <name>uDMAErrorStatusClear</name>
         <value>0x20012399</value>
         <object_component_ref idref="oc-ac7"/>
      </symbol>
      <symbol id="sm-e69">
         <name>uDMAChannelAttributeDisable</name>
         <value>0x20010525</value>
         <object_component_ref idref="oc-685"/>
      </symbol>
      <symbol id="sm-e6d">
         <name>UtilsDelay</name>
         <value>0x20012403</value>
         <object_component_ref idref="oc-25a"/>
      </symbol>
      <symbol id="sm-e7d">
         <name>FlashDisable</name>
         <value>0x20010d21</value>
         <object_component_ref idref="oc-9fd"/>
      </symbol>
      <symbol id="sm-eac">
         <name>snprintf</name>
         <value>0x20010cd5</value>
         <object_component_ref idref="oc-4a5"/>
      </symbol>
      <symbol id="sm-eb7">
         <name>__aeabi_dmul</name>
         <value>0x2000ecb5</value>
         <object_component_ref idref="oc-7ad"/>
      </symbol>
      <symbol id="sm-ec1">
         <name>__aeabi_d2iz</name>
         <value>0x20010ed1</value>
         <object_component_ref idref="oc-7b2"/>
      </symbol>
      <symbol id="sm-ecb">
         <name>__aeabi_i2d</name>
         <value>0x2001195d</value>
         <object_component_ref idref="oc-7a8"/>
      </symbol>
      <symbol id="sm-ed4">
         <name>__aeabi_lmul</name>
         <value>0x20012005</value>
         <object_component_ref idref="oc-588"/>
      </symbol>
      <symbol id="sm-eef">
         <name>memcpy</name>
         <value>0x2000f759</value>
         <object_component_ref idref="oc-3b"/>
      </symbol>
      <symbol id="sm-ef0">
         <name>__aeabi_memcpy</name>
         <value>0x2000f759</value>
         <object_component_ref idref="oc-3b"/>
      </symbol>
      <symbol id="sm-ef1">
         <name>__aeabi_memcpy8</name>
         <value>0x2000f759</value>
         <object_component_ref idref="oc-3b"/>
      </symbol>
      <symbol id="sm-ef2">
         <name>__aeabi_memcpy4</name>
         <value>0x2000f759</value>
         <object_component_ref idref="oc-3b"/>
      </symbol>
      <symbol id="sm-eff">
         <name>__aeabi_uldivmod</name>
         <value>0x2000f7f5</value>
         <object_component_ref idref="oc-57d"/>
      </symbol>
      <symbol id="sm-f11">
         <name>__TI_zero_init</name>
         <value>0x20012369</value>
         <object_component_ref idref="oc-4d"/>
      </symbol>
      <symbol id="sm-f28">
         <name>__TI_decompress_none</name>
         <value>0x20012313</value>
         <object_component_ref idref="oc-1a"/>
      </symbol>
      <symbol id="sm-f4b">
         <name>__TI_decompress_lzss</name>
         <value>0x2001038d</value>
         <object_component_ref idref="oc-14"/>
      </symbol>
      <symbol id="sm-fd4">
         <name>_sys_memory</name>
         <value>0x20004040</value>
         <object_component_ref idref="oc-2a"/>
      </symbol>
      <symbol id="sm-fd5">
         <name>free</name>
         <value>0x2000ef81</value>
         <object_component_ref idref="oc-39c"/>
      </symbol>
      <symbol id="sm-fd6">
         <name>memalign</name>
         <value>0x2000e9b9</value>
         <object_component_ref idref="oc-87b"/>
      </symbol>
      <symbol id="sm-fd7">
         <name>malloc</name>
         <value>0x200123e9</value>
         <object_component_ref idref="oc-5c4"/>
      </symbol>
      <symbol id="sm-fd8">
         <name>aligned_alloc</name>
         <value>0x2000e9b9</value>
         <object_component_ref idref="oc-87b"/>
      </symbol>
      <symbol id="sm-fea">
         <name>__stack</name>
         <value>0x20003000</value>
         <object_component_ref idref="oc-2d"/>
      </symbol>
      <symbol id="sm-feb">
         <name>_c_int00_noargs</name>
         <value>0x20011c51</value>
         <object_component_ref idref="oc-c5"/>
      </symbol>
      <symbol id="sm-1150">
         <name>__TI_printfi</name>
         <value>0x2000c041</value>
         <object_component_ref idref="oc-70c"/>
      </symbol>
      <symbol id="sm-115a">
         <name>__aeabi_idiv0</name>
         <value>0x20011df3</value>
         <object_component_ref idref="oc-82a"/>
      </symbol>
      <symbol id="sm-115b">
         <name>__aeabi_ldiv0</name>
         <value>0x20011df3</value>
         <object_component_ref idref="oc-82a"/>
      </symbol>
      <symbol id="sm-1172">
         <name>__aeabi_dsub</name>
         <value>0x2000da51</value>
         <object_component_ref idref="oc-a4a"/>
      </symbol>
      <symbol id="sm-1173">
         <name>__aeabi_dadd</name>
         <value>0x2000da5b</value>
         <object_component_ref idref="oc-a4a"/>
      </symbol>
      <symbol id="sm-1195">
         <name>__aeabi_cdcmpeq</name>
         <value>0x2000fbdd</value>
         <object_component_ref idref="oc-901"/>
      </symbol>
      <symbol id="sm-1196">
         <name>__aeabi_cdcmple</name>
         <value>0x2000fbdd</value>
         <object_component_ref idref="oc-901"/>
      </symbol>
      <symbol id="sm-1197">
         <name>__aeabi_cdrcmple</name>
         <value>0x2000fc63</value>
         <object_component_ref idref="oc-a3f"/>
      </symbol>
      <symbol id="sm-11ab">
         <name>__aeabi_ddiv</name>
         <value>0x2000e539</value>
         <object_component_ref idref="oc-a3a"/>
      </symbol>
      <symbol id="sm-11ba">
         <name>__aeabi_memset</name>
         <value>0x2001006d</value>
         <object_component_ref idref="oc-9d"/>
      </symbol>
      <symbol id="sm-11bb">
         <name>memset</name>
         <value>0x20010073</value>
         <object_component_ref idref="oc-9d"/>
      </symbol>
      <symbol id="sm-11bc">
         <name>__aeabi_memset8</name>
         <value>0x2001006d</value>
         <object_component_ref idref="oc-9d"/>
      </symbol>
      <symbol id="sm-11bd">
         <name>__aeabi_memset4</name>
         <value>0x2001006d</value>
         <object_component_ref idref="oc-9d"/>
      </symbol>
      <symbol id="sm-11be">
         <name>__aeabi_memclr8</name>
         <value>0x2001006b</value>
         <object_component_ref idref="oc-9d"/>
      </symbol>
      <symbol id="sm-11bf">
         <name>__aeabi_memclr4</name>
         <value>0x2001006b</value>
         <object_component_ref idref="oc-9d"/>
      </symbol>
      <symbol id="sm-11c0">
         <name>__aeabi_memclr</name>
         <value>0x2001006b</value>
         <object_component_ref idref="oc-9d"/>
      </symbol>
      <symbol id="sm-11e8">
         <name>__TI_auto_init_nobinit_nopinit</name>
         <value>0x2001113d</value>
         <object_component_ref idref="oc-179"/>
      </symbol>
      <symbol id="sm-11f2">
         <name>_system_pre_init</name>
         <value>0x20012419</value>
         <object_component_ref idref="oc-119"/>
      </symbol>
      <symbol id="sm-11fe">
         <name>C$$EXIT</name>
         <value>0x2001241d</value>
         <object_component_ref idref="oc-16d"/>
      </symbol>
      <symbol id="sm-11ff">
         <name>abort</name>
         <value>0x2001241d</value>
         <object_component_ref idref="oc-16d"/>
      </symbol>
      <symbol id="sm-1214">
         <name>_nop</name>
         <value>0x20010917</value>
         <object_component_ref idref="oc-340"/>
      </symbol>
      <symbol id="sm-1215">
         <name>_lock</name>
         <value>0x20013908</value>
         <object_component_ref idref="oc-227"/>
      </symbol>
      <symbol id="sm-1216">
         <name>_unlock</name>
         <value>0x2001390c</value>
         <object_component_ref idref="oc-227"/>
      </symbol>
      <symbol id="sm-1225">
         <name>__TI_ltoa</name>
         <value>0x200108c3</value>
         <object_component_ref idref="oc-a44"/>
      </symbol>
      <symbol id="sm-123c">
         <name>atoi</name>
         <value>0x20010c3d</value>
         <object_component_ref idref="oc-8f5"/>
      </symbol>
      <symbol id="sm-1247">
         <name>_ctypes_</name>
         <value>0x2001393c</value>
         <object_component_ref idref="oc-a33"/>
      </symbol>
      <symbol id="sm-1257">
         <name>memccpy</name>
         <value>0x20011e49</value>
         <object_component_ref idref="oc-91e"/>
      </symbol>
      <symbol id="sm-1267">
         <name>strchr</name>
         <value>0x20012075</value>
         <object_component_ref idref="oc-a76"/>
      </symbol>
      <symbol id="sm-1275">
         <name>strlen</name>
         <value>0x2001212d</value>
         <object_component_ref idref="oc-8ef"/>
      </symbol>
      <symbol id="sm-128b">
         <name>__aeabi_errno_addr</name>
         <value>0x200123e1</value>
         <object_component_ref idref="oc-92a"/>
      </symbol>
      <symbol id="sm-128c">
         <name>errno</name>
         <value>0x20013938</value>
         <object_component_ref idref="oc-a86"/>
      </symbol>
      <symbol id="sm-12a5">
         <name>wcslen</name>
         <value>0x200121bf</value>
         <object_component_ref idref="oc-924"/>
      </symbol>
      <symbol id="sm-12c5">
         <name>frexpl</name>
         <value>0x200106a9</value>
         <object_component_ref idref="oc-a6a"/>
      </symbol>
      <symbol id="sm-12c6">
         <name>frexp</name>
         <value>0x200106a9</value>
         <object_component_ref idref="oc-a6a"/>
      </symbol>
      <symbol id="sm-12e4">
         <name>scalbn</name>
         <value>0x2000f065</value>
         <object_component_ref idref="oc-a70"/>
      </symbol>
      <symbol id="sm-12e5">
         <name>scalbnl</name>
         <value>0x2000f065</value>
         <object_component_ref idref="oc-a70"/>
      </symbol>
      <symbol id="sm-12e6">
         <name>ldexpl</name>
         <value>0x2000f065</value>
         <object_component_ref idref="oc-a70"/>
      </symbol>
      <symbol id="sm-12e7">
         <name>ldexp</name>
         <value>0x2000f065</value>
         <object_component_ref idref="oc-a70"/>
      </symbol>
      <symbol id="sm-12f1">
         <name>copysign</name>
         <value>0x2001235d</value>
         <object_component_ref idref="oc-ae5"/>
      </symbol>
      <symbol id="sm-12f2">
         <name>copysignl</name>
         <value>0x2001235d</value>
         <object_component_ref idref="oc-ae5"/>
      </symbol>
      <symbol id="sm-12f3">
         <name>__TI_static_base__</name>
         <value>0x20012420</value>
      </symbol>
      <symbol id="sm-12f6">
         <name>ITM_flush</name>
         <value>0x0</value>
      </symbol>
      <symbol id="sm-12f7">
         <name>ITM_restore</name>
         <value>0x0</value>
      </symbol>
      <symbol id="sm-12f8">
         <name>__mpu_init</name>
         <value>0x0</value>
      </symbol>
      <symbol id="sm-12f9">
         <name>_system_post_cinit</name>
         <value>0x0</value>
      </symbol>
      <symbol id="sm-12fa">
         <name>NoRTOS_start</name>
         <value>0x200122db</value>
      </symbol>
   </symbol_table>
   <title>Link successful</title>
</link_info>
