******************************************************************************
                  TI ARM Linker Unix v20.2.7                   
******************************************************************************
>> Linked Sun Feb 26 12:42:58 2023

OUTPUT FILE NAME:   <thermostat.out>
ENTRY POINT SYMBOL: "resetISR"  address: 20011e81


MEMORY CONFIGURATION

         name            origin    length      used     unused   attr    fill
----------------------  --------  ---------  --------  --------  ----  --------
  SRAM2                 20000000   00004000  0000130c  00002cf4  RW X
  SRAM                  20004000   0003c000  0000fb19  0002c4e7  RW X
  LOG_DATA              90000000   00040000  00000000  00040000  R   


SEGMENT ALLOCATION MAP

run origin  load origin   length   init length attrs members
----------  ----------- ---------- ----------- ----- -------
20003000    20003000    00001000   00000000    rw-
  20003000    20003000    00001000   00000000    rw- .stack
20004000    20004000    00000040   00000040    r--
  20004000    20004000    00000040   00000040    r-- .resetVecs
20004040    20004040    00008000   00000000    rw-
  20004040    20004040    00008000   00000000    rw- .sysmem
2000c040    2000c040    000064e8   000064e8    r-x
  2000c040    2000c040    000063e0   000063e0    r-x .text
  20012420    20012420    00000108   00000108    r-- .cinit
20012800    20012800    0000113c   00000000    rw-
  20012800    20012800    00000a48   00000000    rw- .bss
  20013248    20013248    000006f4   00000000    rw- .data
2001393c    2001393c    000004b5   000004b5    r--
  2001393c    2001393c    000004b5   000004b5    r-- .const


SECTION ALLOCATION MAP

 output                                  attributes/
section   page    origin      length       input sections
--------  ----  ----------  ----------   ----------------
.text      0    2000c040    000063e0     
                  2000c040    00000a4e     rtsv7M4_T_le_eabi.lib : _printfi.c.obj (.text:__TI_printfi)
                  2000ca8e    00000002     ti_drivers_config.obj (.text:Board_initHook)
                  2000ca90    0000042c     driverlib.a : prcm.obj (.text:PRCMCC3200MCUInit)
                  2000cebc    00000298     drivers_cc32xx.a : UART2.oem4 (.text:UART2_writeTimeout)
                  2000d154    00000294                      : UART2CC32XX.oem4 (.text:UART2_open)
                  2000d3e8    00000268     rtsv7M4_T_le_eabi.lib : _printfi.c.obj (.text:_pconv_a)
                  2000d650    00000234     drivers_cc32xx.a : UART2CC32XX.oem4 (.text:UART2CC32XX_hwiIntFxn)
                  2000d884    000001cc     rtsv7M4_T_le_eabi.lib : _printfi.c.obj (.text:_pconv_g)
                  2000da50    000001b6                           : fd_add_t2.asm.obj (.text)
                  2000dc06    00000002     drivers_cc32xx.a : I2C.oem4 (.text:I2C_init)
                  2000dc08    000001a0     nortos_cc32xx.a : PowerCC32XX_nortos.oem4 (.text:PowerCC32XX_sleepPolicy)
                  2000dda8    00000154     drivers_cc32xx.a : GPIOCC32XX.oem4 (.text:GPIO_setConfig)
                  2000defc    00000148                      : I2CCC32XX.oem4 (.text:I2CCC32XX_hwiFxn)
                  2000e044    00000148                      : PowerCC32XX.oem4 (.text:parkPins)
                  2000e18c    0000013c     rtsv7M4_T_le_eabi.lib : _printfi.c.obj (.text:_pconv_e)
                  2000e2c8    00000138     drivers_cc32xx.a : PowerCC32XX.oem4 (.text:Power_sleep)
                  2000e400    00000138                      : TimerCC32XX.oem4 (.text:Timer_open)
                  2000e538    00000136     rtsv7M4_T_le_eabi.lib : fd_div_t2.asm.obj (.text)
                  2000e66e    00000122     drivers_cc32xx.a : I2C.oem4 (.text:I2C_transferTimeout)
                  2000e790    00000120     rtsv7M4_T_le_eabi.lib : _printfi.c.obj (.text:fcvt)
                  2000e8b0    00000108     drivers_cc32xx.a : UART2CC32XX.oem4 (.text:UART2_close)
                  2000e9b8    00000100     rtsv7M4_T_le_eabi.lib : memory.c.obj (.text:aligned_alloc)
                  2000eab8    00000100     gpiointerrupt.obj (.text:init_I2C)
                  2000ebb8    000000fc     drivers_cc32xx.a : I2CCC32XX.oem4 (.text:I2C_open)
                  2000ecb4    000000fc     rtsv7M4_T_le_eabi.lib : fd_mul_t2.asm.obj (.text)
                  2000edb0    000000ec     drivers_cc32xx.a : UART2CC32XX.oem4 (.text:UART2CC32XX_initHw)
                  2000ee9c    000000e4                      : UART2CC32XX.oem4 (.text:UART2Support_dmaStartRx)
                  2000ef80    000000e4     rtsv7M4_T_le_eabi.lib : memory.c.obj (.text:free)
                  2000f064    000000d0                           : s_scalbn.c.obj (.text:scalbn)
                  2000f134    000000c8     drivers_cc32xx.a : UART2CC32XX.oem4 (.text:UART2Support_dmaStartTx)
                  2000f1fc    000000c0                      : PowerCC32XX.oem4 (.text:restoreParkedPins)
                  2000f2bc    000000b2                      : I2CCC32XX.oem4 (.text:I2CCC32XX_completeTransfer)
                  2000f36e    00000002     nortos_cc32xx.a : PowerCC32XX_nortos.oem4 (.text:PowerCC32XX_initPolicy)
                  2000f370    000000b1     rtsv7M4_T_le_eabi.lib : _printfi.c.obj (.text:_ltostr)
                  2000f421    00000001     --HOLE-- [fill = 0]
                  2000f422    000000a8     drivers_cc32xx.a : I2CCC32XX.oem4 (.text:I2CCC32XX_primeWriteBurst)
                  2000f4ca    00000002     nortos_cc32xx.a : SemaphoreP_nortos.oem4 (.text:SemaphoreP_destruct)
                  2000f4cc    000000a8     driverlib.a : interrupt.obj (.text:IntEnable)
                  2000f574    000000a8     drivers_cc32xx.a : PowerCC32XX.oem4 (.text:PowerCC32XX_configureWakeup)
                  2000f61c    000000a0     nortos_cc32xx.a : SemaphoreP_nortos.oem4 (.text:SemaphoreP_pend)
                  2000f6bc    0000009c     drivers_cc32xx.a : I2CCC32XX.oem4 (.text:I2CCC32XX_initHw)
                  2000f758    0000009c     rtsv7M4_T_le_eabi.lib : memcpy_t2.asm.obj (.text)
                  2000f7f4    00000096                           : ull_div_t2.asm.obj (.text)
                  2000f88a    00000002     drivers_cc32xx.a : Timer.oem4 (.text:Timer_init)
                  2000f88c    00000094     gpiointerrupt.obj (.text:tmp_read)
                  2000f920    00000090     drivers_cc32xx.a : GPIOCC32XX.oem4 (.text:GPIO_init)
                  2000f9b0    00000090                      : PowerCC32XX.oem4 (.text:restoreNVICRegs)
                  2000fa40    0000008c     nortos_cc32xx.a : HwiPCC32XX_nortos.oem4 (.text:HwiP_construct)
                  2000facc    00000088     driverlib.a : interrupt.obj (.text:IntPendSet)
                  2000fb54    00000088                 : pin.obj (.text:PinConfigSet)
                  2000fbdc    00000086     rtsv7M4_T_le_eabi.lib : fd_cmp_t2.asm.obj (.text:__aeabi_cdcmple)
                  2000fc62    00000086                           : fd_cmp_t2.asm.obj (.text:__aeabi_cdrcmple)
                  2000fce8    00000084     gpiointerrupt.obj (.text:Btn_Tick)
                  2000fd6c    00000084     drivers_cc32xx.a : PowerCC32XX.oem4 (.text:Power_init)
                  2000fdf0    00000084                      : PowerCC32XX.oem4 (.text:saveNVICRegs)
                  2000fe74    00000080                      : GPIOCC32XX.oem4 (.text:GPIO_write)
                  2000fef4    00000080                      : PowerCC32XX.oem4 (.text:Power_setDependency)
                  2000ff74    0000007c                      : UDMACC32XX.oem4 (.text:UDMACC32XX_open)
                  2000fff0    0000007a                      : I2CCC32XX.oem4 (.text:I2CCC32XX_primeReadBurst)
                  2001006a    0000007a     rtsv7M4_T_le_eabi.lib : memset_t2.asm.obj (.text)
                  200100e4    00000078     gpiointerrupt.obj (.text:mainThread)
                  2001015c    00000074     drivers_cc32xx.a : UART2CC32XX.oem4 (.text:UART2CC32XX_readCallback)
                  200101d0    00000074                      : GPIOCC32XX.oem4 (.text:powerNotifyFxn)
                  20010244    00000070     rtsv7M4_T_le_eabi.lib : memory.c.obj (.text:split)
                  200102b4    0000006e                           : _printfi.c.obj (.text:_mcpy)
                  20010322    0000006a     drivers_cc32xx.a : I2CCC32XX.oem4 (.text:I2CSupport_primeTransfer)
                  2001038c    00000068     rtsv7M4_T_le_eabi.lib : copy_decompress_lzss.c.obj (.text:decompress:lzss:__TI_decompress_lzss)
                  200103f4    00000068     gpiointerrupt.obj (.text:init_UART2)
                  2001045c    00000064     drivers_cc32xx.a : GPIOCC32XX.oem4 (.text:GPIO_setInterruptConfig)
                  200104c0    00000064                      : PowerCC32XX.oem4 (.text:PowerCC32XX_setParkState)
                  20010524    00000064     driverlib.a : udma.obj (.text:uDMAChannelAttributeDisable)
                  20010588    00000060     drivers_cc32xx.a : GPIOCC32XX.oem4 (.text:GPIO_hwiIntFxn)
                  200105e8    00000060     driverlib.a : prcm.obj (.text:PRCMSysResetCauseGet)
                  20010648    0000005e     drivers_cc32xx.a : UART2CC32XX.oem4 (.text:UART2Support_dmaStopTx)
                  200106a6    00000002                      : UART2CC32XX.oem4 (.text:UART2CC32XX_eventCallback)
                  200106a8    0000005c     rtsv7M4_T_le_eabi.lib : s_frexp.c.obj (.text:frexp)
                  20010704    0000005c     nortos_cc32xx.a : ClockPSysTick_nortos.oem4 (.text:sysTickInit)
                  20010760    0000005c     gpiointerrupt.obj (.text:uart2_display)
                  200107bc    00000058     driverlib.a : prcm.obj (.text:PRCMPeripheralReset)
                  20010814    00000058     drivers_cc32xx.a : PowerCC32XX.oem4 (.text:Power_releaseDependency)
                  2001086c    00000056     rtsv7M4_T_le_eabi.lib : _printfi.c.obj (.text:_pconv_f)
                  200108c2    00000054                           : _ltoa.c.obj (.text:__TI_ltoa)
                  20010916    00000002                           : _lock.c.obj (.text:_nop)
                  20010918    00000054     gpiointerrupt.obj (.text:init_GPIO)
                  2001096c    00000052     drivers_cc32xx.a : PowerCC32XX_asm.oem4 (.text:PowerCC32XX_resumeLPDS)
                  200109be    00000052     rtsv7M4_T_le_eabi.lib : _printfi.c.obj (.text:_ecpy)
                  20010a10    00000052     drivers_cc32xx.a : TimerCC32XX.oem4 (.text:initHw)
                  20010a62    00000002     nortos_cc32xx.a : startup_cc32xx_ccs.oem4 (.text:busFaultHandler)
                  20010a64    00000050                     : ClockPSysTick_nortos.oem4 (.text:ClockP_sysTickHandler)
                  20010ab4    00000050                     : SemaphoreP_nortos.oem4 (.text:SemaphoreP_construct)
                  20010b04    00000050     drivers_cc32xx.a : TimerCC32XX.oem4 (.text:TimerCC32XX_allocateTimerResource)
                  20010b54    00000050                      : UART2CC32XX.oem4 (.text:UART2Support_dmaStopRx)
                  20010ba4    0000004c                      : I2CCC32XX.oem4 (.text:I2CCC32XX_readRecieveFifo)
                  20010bf0    0000004c                      : PowerCC32XX.oem4 (.text:PowerCC32XX_parkPin)
                  20010c3c    0000004c     rtsv7M4_T_le_eabi.lib : atoi.c.obj (.text:atoi)
                  20010c88    0000004c     drivers_cc32xx.a : PowerCC32XX.oem4 (.text:restorePeriphClocks)
                  20010cd4    0000004c     rtsv7M4_T_le_eabi.lib : snprintf.c.obj (.text:snprintf)
                  20010d20    00000048     driverlib.a : flash.obj (.text:FlashDisable)
                  20010d68    00000048     drivers_cc32xx.a : GPIOCC32XX.oem4 (.text:GPIO_disableInt)
                  20010db0    00000048                      : GPIOCC32XX.oem4 (.text:GPIO_enableInt)
                  20010df8    00000048     driverlib.a : prcm.obj (.text:PRCMLPDSEnter)
                  20010e40    00000048                 : prcm.obj (.text:PRCMPeripheralClkEnable)
                  20010e88    00000048     drivers_cc32xx.a : PowerCC32XX.oem4 (.text:Power_releaseConstraint)
                  20010ed0    00000048     rtsv7M4_T_le_eabi.lib : fd_toi_t2.asm.obj (.text)
                  20010f18    00000046     drivers_cc32xx.a : RingBuf.oem4 (.text:RingBuf_put)
                  20010f5e    00000046                      : TimerCC32XX.oem4 (.text:getPrescaler)
                  20010fa4    00000044     nortos_cc32xx.a : ClockPSysTick_nortos.oem4 (.text:ClockP_stop)
                  20010fe8    00000044     driverlib.a : prcm.obj (.text:PRCMLPDSRestoreInfoSet)
                  2001102c    00000044     drivers_cc32xx.a : PowerCC32XX_asm.oem4 (.text:PowerCC32XX_enterLPDS)
                  20011070    00000044     nortos_cc32xx.a : SemaphoreP_nortos.oem4 (.text:SemaphoreP_post)
                  200110b4    00000044                     : SwiP_nortos.oem4 (.text:SwiP_restore)
                  200110f8    00000044     drivers_cc32xx.a : Timer.oem4 (.text:Timer_start)
                  2001113c    00000044     rtsv7M4_T_le_eabi.lib : autoinit.c.obj (.text:__TI_auto_init_nobinit_nopinit:__TI_auto_init_nobinit_nopinit)
                  20011180    00000044     gpiointerrupt.obj (.text:init_Timer)
                  200111c4    00000040     nortos_cc32xx.a : ClockPSysTick_nortos.oem4 (.text:ClockP_construct)
                  20011204    00000040     driverlib.a : pin.obj (.text:PinModeSet)
                  20011244    00000040     gpiointerrupt.obj (.text:Tick)
                  20011284    00000040     drivers_cc32xx.a : TimerCC32XX.oem4 (.text:TimerSupport_timerEnable)
                  200112c4    00000040                      : TimerCC32XX.oem4 (.text:Timer_close)
                  20011304    00000040                      : UDMACC32XX.oem4 (.text:UDMACC32XX_init)
                  20011344    0000003e                      : RingBuf.oem4 (.text:RingBuf_putAdvance)
                  20011382    0000003e     rtsv7M4_T_le_eabi.lib : _printfi.c.obj (.text:_fcpy)
                  200113c0    0000003c     nortos_cc32xx.a : ClockPSysTick_nortos.oem4 (.text:ClockP_destruct)
                  200113fc    0000003c     drivers_cc32xx.a : PowerCC32XX.oem4 (.text:Power_setConstraint)
                  20011438    0000003a     nortos_cc32xx.a : PowerCC32XX_nortos.oem4 (.text:getCountsRTC)
                  20011472    00000002                     : SemaphoreP_nortos.oem4 (.text:clkFxn)
                  20011474    00000038     driverlib.a : prcm.obj (.text:PRCMLPDSEnterKeepDebugIf)
                  200114ac    00000038     nortos_cc32xx.a : ClockPSysTick_nortos.oem4 (.text:addToList)
                  200114e4    00000038                     : startup_cc32xx_ccs.oem4 (.text:initVectors)
                  2001151c    00000038     drivers_cc32xx.a : PowerCC32XX.oem4 (.text:notify)
                  20011554    00000036     driverlib.a : timer.obj (.text:TimerControlStall)
                  2001158a    00000036     drivers_cc32xx.a : Timer.oem4 (.text:Timer_stop)
                  200115c0    00000036                      : UART2.oem4 (.text:UART2_rxDisable)
                  200115f6    00000002     nortos_cc32xx.a : startup_cc32xx_ccs.oem4 (.text:defaultHandler)
                  200115f8    00000034                     : ClockPSysTick_nortos.oem4 (.text:ClockP_getTicksUntilInterrupt)
                  2001162c    00000034                     : ClockPSysTick_nortos.oem4 (.text:ClockP_startup)
                  20011660    00000034     drivers_cc32xx.a : GPIOCC32XX.oem4 (.text:GPIO_read)
                  20011694    00000034     driverlib.a : pin.obj (.text:PinModeGet)
                  200116c8    00000034     drivers_cc32xx.a : PowerCC32XX.oem4 (.text:PowerCC32XX_restoreParkState)
                  200116fc    00000034                      : RingBuf.oem4 (.text:RingBuf_getConsume)
                  20011730    00000034                      : RingBuf.oem4 (.text:RingBuf_putPointer)
                  20011764    00000034                      : TimerCC32XX.oem4 (.text:TimerCC32XX_freeTimerResource)
                  20011798    00000034                      : TimerCC32XX.oem4 (.text:TimerCC32XX_hwiIntFunction)
                  200117cc    00000034                      : UART2CC32XX.oem4 (.text:UART2Support_sendData)
                  20011800    00000034                      : UDMACC32XX.oem4 (.text:UDMACC32XX_close)
                  20011834    00000034                      : TimerCC32XX.oem4 (.text:getPowerMgrId)
                  20011868    00000032                      : UART2CC32XX.oem4 (.text:UART2Support_disableRx)
                  2001189a    00000002     nortos_cc32xx.a : startup_cc32xx_ccs.oem4 (.text:faultISR)
                  2001189c    00000030                     : ClockPSysTick_nortos.oem4 (.text:ClockP_start)
                  200118cc    00000030     drivers_cc32xx.a : PowerCC32XX.oem4 (.text:PowerCC32XX_restoreParkedPin)
                  200118fc    00000030     driverlib.a : uart.obj (.text:UARTDisable)
                  2001192c    00000030     rtsv7M4_T_le_eabi.lib : snprintf.c.obj (.text:_outs)
                  2001195c    0000002e                           : i_tofd_t2.asm.obj (.text)
                  2001198a    00000002     nortos_cc32xx.a : startup_cc32xx_ccs.oem4 (.text:nmiISR)
                  2001198c    0000002c     drivers_cc32xx.a : PowerCC32XX.oem4 (.text:PowerCC32XX_getParkState)
                  200119b8    0000002a     nortos_cc32xx.a : HwiPCC32XX_nortos.oem4 (.text:HwiP_create)
                  200119e2    0000002a     drivers_cc32xx.a : RingBuf.oem4 (.text:RingBuf_getPointer)
                  20011a0c    0000002a     driverlib.a : timer.obj (.text:TimerLoadSet)
                  20011a36    0000002a                 : timer.obj (.text:TimerPrescaleSet)
                  20011a60    00000028                 : i2c.obj (.text:I2CFIFODataPutNonBlocking)
                  20011a88    00000028                 : prcm.obj (.text:PRCMPeripheralClkDisable)
                  20011ab0    00000028     drivers_cc32xx.a : PowerCC32XX.oem4 (.text:Power_registerNotify)
                  20011ad8    00000028     rtsv7M4_T_le_eabi.lib : memory.c.obj (.text:free_list_insert)
                  20011b00    00000028     driverlib.a : udma.obj (.text:uDMAChannelIsEnabled)
                  20011b28    00000026                 : i2c.obj (.text:I2CFIFODataGetNonBlocking)
                  20011b4e    00000026     drivers_cc32xx.a : I2C.oem4 (.text:I2C_cancel)
                  20011b74    00000026                      : List.oem4 (.text:List_put)
                  20011b9a    00000026                      : List.oem4 (.text:List_remove)
                  20011bc0    00000024     nortos_cc32xx.a : HwiPCC32XX_nortos.oem4 (.text:HwiP_dispatch)
                  20011be4    00000024     drivers_cc32xx.a : PowerCC32XX.oem4 (.text:PowerCC32XX_reset)
                  20011c08    00000024                      : TimerCC32XX.oem4 (.text:TimerSupport_timerDisable)
                  20011c2c    00000024     driverlib.a : uart.obj (.text:UARTEnable)
                  20011c50    00000024     rtsv7M4_T_le_eabi.lib : boot_cortex_m.c.obj (.text:_c_int00_noargs:_c_int00_noargs)
                  20011c74    00000024     gpiointerrupt.obj (.text:uart2_write)
                  20011c98    00000022     driverlib.a : i2c.obj (.text:I2CMasterSlaveAddrSet)
                  20011cba    00000022     drivers_cc32xx.a : UART2CC32XX.oem4 (.text:UART2CC32XX_writeTimeout)
                  20011cdc    00000020     nortos_cc32xx.a : HwiPCC32XX_nortos.oem4 (.text:HwiP_destruct)
                  20011cfc    00000020     drivers_cc32xx.a : PowerCC32XX.oem4 (.text:Power_unregisterNotify)
                  20011d1c    00000020     gpiointerrupt.obj (.text:TMP_Tick)
                  20011d3c    00000020     drivers_cc32xx.a : UART2CC32XX.oem4 (.text:UART2CC32XX_getPowerMgrId)
                  20011d5c    0000001e     driverlib.a : i2c.obj (.text:I2CMasterIntStatusEx)
                  20011d7a    0000001e     nortos_cc32xx.a : SemaphoreP_nortos.oem4 (.text:SemaphoreP_constructBinary)
                  20011d98    0000001e     driverlib.a : timer.obj (.text:TimerDisable)
                  20011db6    0000001e                 : timer.obj (.text:TimerEnable)
                  20011dd4    0000001e     drivers_cc32xx.a : UDMACC32XX.oem4 (.text:postNotifyFxn)
                  20011df2    00000002     rtsv7M4_T_le_eabi.lib : div0.asm.obj (.text)
                  20011df4    0000001c     driverlib.a : pin.obj (.text:PinToPadGet)
                  20011e10    0000001c     nortos_cc32xx.a : SwiP_nortos.oem4 (.text:SwiP_disable)
                  20011e2c    0000001c     rtsv7M4_T_le_eabi.lib : memory.c.obj (.text:free_list_remove)
                  20011e48    0000001c                           : memccpy.c.obj (.text:memccpy)
                  20011e64    0000001a     nortos_cc32xx.a : SemaphoreP_nortos.oem4 (.text:SemaphoreP_createBinary)
                  20011e7e    00000002     --HOLE-- [fill = 0]
                  20011e80    0000001a                     : startup_cc32xx_ccs.oem4 (.text:resetISR)
                  20011e9a    00000018     driverlib.a : i2c.obj (.text:I2CMasterBusBusy)
                  20011eb2    00000018                 : i2c.obj (.text:I2CMasterIntDisableEx)
                  20011eca    00000018                 : i2c.obj (.text:I2CMasterIntEnableEx)
                  20011ee2    00000018                 : i2c.obj (.text:I2CRxFIFOFlush)
                  20011efa    00000018                 : i2c.obj (.text:I2CTxFIFOFlush)
                  20011f12    00000002     --HOLE-- [fill = 0]
                  20011f14    00000018     drivers_cc32xx.a : PowerCC32XX.oem4 (.text:Power_getTransitionLatency)
                  20011f2c    00000018                      : PowerCC32XX.oem4 (.text:Power_idleFunc)
                  20011f44    00000018     driverlib.a : timer.obj (.text:TimerIntDisable)
                  20011f5c    00000018                 : timer.obj (.text:TimerIntEnable)
                  20011f74    00000018     drivers_cc32xx.a : UART2CC32XX.oem4 (.text:UART2Support_txDone)
                  20011f8c    00000018                      : UART2.oem4 (.text:UART2_Params_init)
                  20011fa4    00000018     driverlib.a : uart.obj (.text:UARTDMADisable)
                  20011fbc    00000018                 : uart.obj (.text:UARTIntDisable)
                  20011fd4    00000018                 : uart.obj (.text:UARTIntEnable)
                  20011fec    00000018     rtsv7M4_T_le_eabi.lib : snprintf.c.obj (.text:_outc)
                  20012004    00000018                           : ll_mul_t2.asm.obj (.text)
                  2001201c    00000016     driverlib.a : i2c.obj (.text:I2CMasterBurstLengthSet)
                  20012032    00000016                 : prcm.obj (.text:PRCMHIBRegRead)
                  20012048    00000016                 : prcm.obj (.text:PRCMHIBRegWrite)
                  2001205e    00000016     nortos_cc32xx.a : SemaphoreP_nortos.oem4 (.text:SemaphoreP_create)
                  20012074    00000016     rtsv7M4_T_le_eabi.lib : strchr.c.obj (.text:strchr)
                  2001208a    00000014     ti_drivers_config.obj (.text:Board_init)
                  2001209e    00000014     driverlib.a : cpu.obj (.text:CPUcpsid)
                  200120b2    00000002     --HOLE-- [fill = 0]
                  200120b4    00000014     nortos_cc32xx.a : HwiPCC32XX_nortos.oem4 (.text:HwiP_inISR)
                  200120c8    00000014     drivers_cc32xx.a : I2CCC32XX.oem4 (.text:I2CSupport_masterFinish)
                  200120dc    00000014                      : I2C.oem4 (.text:I2C_transfer)
                  200120f0    00000014     driverlib.a : interrupt.obj (.text:IntVTableBaseSet)
                  20012104    00000014     drivers_cc32xx.a : PowerCC32XX.oem4 (.text:Power_disablePolicy)
                  20012118    00000014                      : PowerCC32XX.oem4 (.text:Power_getDependencyCount)
                  2001212c    00000014     rtsv7M4_T_le_eabi.lib : strlen.c.obj (.text:strlen)
                  20012140    00000012     nortos_cc32xx.a : HwiPCC32XX_nortos.oem4 (.text:HwiP_Params_init)
                  20012152    00000012     driverlib.a : i2c.obj (.text:I2CMasterIntClearEx)
                  20012164    00000012     drivers_cc32xx.a : RingBuf.oem4 (.text:RingBuf_construct)
                  20012176    00000012     driverlib.a : timer.obj (.text:TimerIntClear)
                  20012188    00000012                 : uart.obj (.text:UARTIntClear)
                  2001219a    00000012                 : uart.obj (.text:UARTRxErrorGet)
                  200121ac    00000012     main_nortos.obj (.text:main)
                  200121be    00000012     rtsv7M4_T_le_eabi.lib : wcslen.c.obj (.text:wcslen)
                  200121d0    00000010     nortos_cc32xx.a : ClockPSysTick_nortos.oem4 (.text:ClockP_add)
                  200121e0    00000010                     : ClockPSysTick_nortos.oem4 (.text:ClockP_getCpuFreq)
                  200121f0    00000010                     : ClockPSysTick_nortos.oem4 (.text:ClockP_getSystemTicks)
                  20012200    00000010                     : ClockPSysTick_nortos.oem4 (.text:ClockP_setTicks)
                  20012210    00000010                     : HwiPCC32XX_nortos.oem4 (.text:HwiP_delete)
                  20012220    00000010                     : HwiPCC32XX_nortos.oem4 (.text:HwiP_interruptsEnabled)
                  20012230    00000010                     : HwiPCC32XX_nortos.oem4 (.text:HwiP_restore)
                  20012240    00000010     driverlib.a : i2c.obj (.text:I2CFIFOStatus)
                  20012250    00000010     drivers_cc32xx.a : I2C.oem4 (.text:I2C_Params_init)
                  20012260    00000010                      : PowerCC32XX.oem4 (.text:Power_enablePolicy)
                  20012270    00000010     nortos_cc32xx.a : SemaphoreP_nortos.oem4 (.text:SemaphoreP_Params_init)
                  20012280    00000010     drivers_cc32xx.a : Timer.oem4 (.text:Timer_Params_init)
                  20012290    00000010                      : UART2CC32XX.oem4 (.text:UART2CC32XX_readTimeout)
                  200122a0    00000010                      : UART2CC32XX.oem4 (.text:UART2Support_rxStatus2ErrorCode)
                  200122b0    0000000e     nortos_cc32xx.a : HwiPCC32XX_nortos.oem4 (.text:HwiP_clearInterrupt)
                  200122be    0000000e                     : HwiPCC32XX_nortos.oem4 (.text:HwiP_disable)
                  200122cc    0000000e                     : HwiPCC32XX_nortos.oem4 (.text:HwiP_disableInterrupt)
                  200122da    0000000e                     : HwiPCC32XX_nortos.oem4 (.text:HwiP_enable)
                  200122e8    0000000e                     : HwiPCC32XX_nortos.oem4 (.text:HwiP_enableInterrupt)
                  200122f6    0000000e     drivers_cc32xx.a : I2CCC32XX.oem4 (.text:I2CCC32XX_updateReg)
                  20012304    0000000e                      : UART2.oem4 (.text:UART2_write)
                  20012312    0000000e     rtsv7M4_T_le_eabi.lib : copy_decompress_none.c.obj (.text:decompress:none:__TI_decompress_none)
                  20012320    0000000c     drivers_cc32xx.a : I2CCC32XX.oem4 (.text:I2CCC32XX_postNotify)
                  2001232c    0000000c                      : PowerCC32XX.oem4 (.text:Power_getConstraintMask)
                  20012338    0000000c                      : UART2CC32XX.oem4 (.text:UART2CC32XX_postNotifyFxn)
                  20012344    0000000c                      : UART2CC32XX.oem4 (.text:UART2Support_disableTx)
                  20012350    0000000c                      : UART2CC32XX.oem4 (.text:UART2Support_enableTx)
                  2001235c    0000000c     rtsv7M4_T_le_eabi.lib : s_copysign.c.obj (.text:copysign)
                  20012368    0000000c                           : copy_zero_init.c.obj (.text:decompress:ZI:__TI_zero_init)
                  20012374    0000000c     ti_drivers_config.obj (.text:dmaErrorFxn)
                  20012380    0000000c     drivers_cc32xx.a : TimerCC32XX.oem4 (.text:postNotifyFxn)
                  2001238c    0000000c     gpiointerrupt.obj (.text:thermoTimerCallback)
                  20012398    0000000c     driverlib.a : udma.obj (.text:uDMAErrorStatusClear)
                  200123a4    0000000c                 : udma.obj (.text:uDMAErrorStatusGet)
                  200123b0    0000000a                 : cpu.obj (.text:CPUprimask)
                  200123ba    0000000a     nortos_cc32xx.a : ClockPSysTick_nortos.oem4 (.text:ClockP_Params_init)
                  200123c4    0000000a                     : ClockPSysTick_nortos.oem4 (.text:ClockP_isActive)
                  200123ce    0000000a     driverlib.a : interrupt.obj (.text:IntMasterDisable)
                  200123d8    00000008     drivers_cc32xx.a : I2CCC32XX.oem4 (.text:I2CCC32XX_blockingCallback)
                  200123e0    00000008     rtsv7M4_T_le_eabi.lib : errno.c.obj (.text:__aeabi_errno_addr)
                  200123e8    00000008                           : memory.c.obj (.text:malloc)
                  200123f0    00000006     drivers_cc32xx.a : I2CCC32XX.oem4 (.text:I2CSupport_powerRelConstraint)
                  200123f6    00000006                      : I2CCC32XX.oem4 (.text:I2CSupport_powerSetConstraint)
                  200123fc    00000006                      : UART2CC32XX.oem4 (.text:UART2Support_powerRelConstraint)
                  20012402    00000006     driverlib.a : utils.obj (.text:UtilsDelay)
                  20012408    00000004     nortos_cc32xx.a : ClockPSysTick_nortos.oem4 (.text:ClockP_doTick)
                  2001240c    00000004                     : ClockPSysTick_nortos.oem4 (.text:ClockP_setTimeout)
                  20012410    00000004                     : HwiPCC32XX_nortos.oem4 (.text:HwiP_post)
                  20012414    00000004                     : SemaphoreP_nortos.oem4 (.text:SemaphoreP_delete)
                  20012418    00000004     rtsv7M4_T_le_eabi.lib : pre_init.c.obj (.text:_system_pre_init)
                  2001241c    00000004                           : exit.c.obj (.text:abort:abort)

.const     0    2001393c    000004b5     
                  2001393c    00000101     rtsv7M4_T_le_eabi.lib : ctype.c.obj (.const:.string:_ctypes_)
                  20013a3d    00000002     drivers_cc32xx.a : UART2CC32XX.oem4 (.const:.string:stopBits)
                  20013a3f    00000001     --HOLE-- [fill = 0]
                  20013a40    00000100     driverlib.a : pin.obj (.const:g_ulPinToPadMap)
                  20013b40    000000a8                 : prcm.obj (.const:PRCM_PeriphRegsList)
                  20013be8    00000044     ti_drivers_config.obj (.const:PowerCC32XX_config)
                  20013c2c    0000003c     ti_drivers_config.obj (.const:uart2CC32XXHWAttrs0)
                  20013c68    00000030     gpiointerrupt.obj (.const:$O2$$)
                  20013c98    00000028     drivers_cc32xx.a : GPIOCC32XX.oem4 (.const:portConfigs)
                  20013cc0    00000024                      : UART2.oem4 (.const:UART2_defaultParams)
                  20013ce4    00000021                      : GPIOCC32XX.oem4 (.const:.string:pinTable)
                  20013d05    00000003     --HOLE-- [fill = 0]
                  20013d08    00000018     driverlib.a : interrupt.obj (.const:g_pulEnRegs)
                  20013d20    00000018                 : interrupt.obj (.const:g_pulPendRegs)
                  20013d38    00000014     ti_drivers_config.obj (.const:i2cCC32XXHWAttrs)
                  20013d4c    00000010     ti_drivers_config.obj (.const:GPIO_config)
                  20013d5c    00000010     drivers_cc32xx.a : I2C.oem4 (.const:I2C_defaultParams)
                  20013d6c    00000010                      : I2CCC32XX.oem4 (.const:I2C_defaultParams)
                  20013d7c    00000010     ti_drivers_config.obj (.const:timerCC32XXHWAttrs)
                  20013d8c    0000000c     gpiointerrupt.obj (.const:.string)
                  20013d98    0000000c     drivers_cc32xx.a : Timer.oem4 (.const:defaultParams)
                  20013da4    0000000c                      : TimerCC32XX.oem4 (.const:defaultParams)
                  20013db0    0000000c     ti_drivers_config.obj (.const:udmaCC3220SHWAttrs)
                  20013dbc    0000000b     ti_drivers_config.obj (.const)
                  20013dc7    00000001     --HOLE-- [fill = 0]
                  20013dc8    00000008     ti_drivers_config.obj (.const:I2C_config)
                  20013dd0    00000008     ti_drivers_config.obj (.const:Timer_config)
                  20013dd8    00000008     ti_drivers_config.obj (.const:UART2_config)
                  20013de0    00000008     ti_drivers_config.obj (.const:UDMACC32XX_config)
                  20013de8    00000005     drivers_cc32xx.a : UART2CC32XX.oem4 (.const:.string:parityType)
                  20013ded    00000004                      : UART2CC32XX.oem4 (.const:.string:dataLength)

.cinit     0    20012420    00000108     
                  20012420    000000e1     (.cinit..data.load) [load image, compression = lzss]
                  20012501    00000003     --HOLE-- [fill = 0]
                  20012504    0000000c     (__TI_handler_table)
                  20012510    00000008     (.cinit..bss.load) [load image, compression = zero_init]
                  20012518    00000010     (__TI_cinit_table)

.init_array 
*          0    20004000    00000000     UNINITIALIZED

.ramVecs   0    20000000    0000030c     NOLOAD SECTION
                  20000000    0000030c     nortos_cc32xx.a : startup_cc32xx_ccs.oem4 (.ramVecs)

.stack     0    20003000    00001000     UNINITIALIZED
                  20003000    00000004     rtsv7M4_T_le_eabi.lib : boot_cortex_m.c.obj (.stack)
                  20003004    00000ffc     --HOLE--

.resetVecs 
*          0    20004000    00000040     
                  20004000    00000040     nortos_cc32xx.a : startup_cc32xx_ccs.oem4 (.resetVecs:retain)

.sysmem    0    20004040    00008000     UNINITIALIZED
                  20004040    00000010     rtsv7M4_T_le_eabi.lib : memory.c.obj (.sysmem)
                  20004050    00007ff0     --HOLE--

.bss       0    20012800    00000a48     UNINITIALIZED
                  20012800    00000400     ti_drivers_config.obj (.bss:dmaControlTable)
                  20012c00    000001f8     (.common:uart2CC32XXObjects0)
                  20012df8    0000012c     (.common:PowerCC32XX_contextSave)
                  20012f24    000000fc     (.common:i2cCC32XXObjects)
                  20013020    00000084     (.common:gpioCallbackFunctions)
                  200130a4    00000084     (.common:gpioUserArgs)
                  20013128    00000084     (.common:timerCC32XXObjects)
                  200131ac    00000020     ti_drivers_config.obj (.bss:uart2RxRingBuffer0)
                  200131cc    00000020     ti_drivers_config.obj (.bss:uart2TxRingBuffer0)
                  200131ec    00000014     drivers_cc32xx.a : UDMACC32XX.oem4 (.bss:postNotifyObj)
                  20013200    00000014                      : GPIOCC32XX.oem4 (.bss:powerNotifyObj)
                  20013214    00000004                      : GPIOCC32XX.oem4 (.bss)
                  20013218    00000010     (.common:ClockP_ctrl)
                  20013228    0000000d     nortos_cc32xx.a : SwiP_nortos.oem4 (.bss)
                  20013235    00000003     --HOLE--
                  20013238    00000008     (.common:udmaCC3220SObject)
                  20013240    00000004                     : ClockPSysTick_nortos.oem4 (.bss)
                  20013244    00000004     drivers_cc32xx.a : TimerCC32XX.oem4 (.bss:timerState)

.data      0    20013248    000006f4     UNINITIALIZED
                  20013248    0000030c     nortos_cc32xx.a : HwiPCC32XX_nortos.oem4 (.data:HwiP_dispatchTable)
                  20013554    0000016c     drivers_cc32xx.a : PowerCC32XX.oem4 (.data:PowerCC32XX_module)
                  200136c0    000000f8     ti_drivers_config.obj (.data:parkInfo)
                  200137b8    000000bc     gpiointerrupt.obj (.data:$O1$$)
                  20013874    00000084     ti_drivers_config.obj (.data:gpioPinConfigs)
                  200138f8    0000000d     gpiointerrupt.obj (.data)
                  20013905    00000003     nortos_cc32xx.a : SemaphoreP_nortos.oem4 (.data)
                  20013908    00000008     rtsv7M4_T_le_eabi.lib : _lock.c.obj (.data:$O1$$)
                  20013910    00000008                           : memory.c.obj (.data:$O1$$)
                  20013918    00000008     nortos_cc32xx.a : SemaphoreP_nortos.oem4 (.data:SemaphoreP_defaultParams)
                  20013920    00000008     drivers_cc32xx.a : UDMACC32XX.oem4 (.data)
                  20013928    00000008     nortos_cc32xx.a : HwiPCC32XX_nortos.oem4 (.data)
                  20013930    00000005                     : ClockPSysTick_nortos.oem4 (.data)
                  20013935    00000002     drivers_cc32xx.a : GPIOCC32XX.oem4 (.data)
                  20013937    00000001     --HOLE--
                  20013938    00000004     rtsv7M4_T_le_eabi.lib : errno.c.obj (.data)

.log_data 
*          0    90000000    00000000     COPY SECTION

__llvm_prf_cnts 
*          0    20004000    00000000     UNINITIALIZED

MODULE SUMMARY

       Module                       code    ro data   rw data
       ------                       ----    -------   -------
    ./
       gpiointerrupt.obj            1148    60        201    
       main_nortos.obj              18      0         0      
    +--+----------------------------+-------+---------+---------+
       Total:                       1166    60        201    
                                                             
    ./syscfg/
       ti_drivers_config.obj        34      235       2628   
    +--+----------------------------+-------+---------+---------+
       Total:                       34      235       2628   
                                                             
    /home/elizabethdanzberger/ti/ccs1220/ccs/tools/compiler/ti-cgt-arm_20.2.7.LTS/lib/rtsv7M4_T_le_eabi.lib
       _printfi.c.obj               4835    0         0      
       memory.c.obj                 672     0         8      
       fd_add_t2.asm.obj            438     0         0      
       fd_div_t2.asm.obj            310     0         0      
       fd_cmp_t2.asm.obj            268     0         0      
       ctype.c.obj                  0       257       0      
       fd_mul_t2.asm.obj            252     0         0      
       s_scalbn.c.obj               208     0         0      
       memcpy_t2.asm.obj            156     0         0      
       ull_div_t2.asm.obj           150     0         0      
       snprintf.c.obj               148     0         0      
       memset_t2.asm.obj            122     0         0      
       copy_decompress_lzss.c.obj   104     0         0      
       s_frexp.c.obj                92      0         0      
       _ltoa.c.obj                  84      0         0      
       atoi.c.obj                   76      0         0      
       fd_toi_t2.asm.obj            72      0         0      
       autoinit.c.obj               68      0         0      
       i_tofd_t2.asm.obj            46      0         0      
       boot_cortex_m.c.obj          36      0         0      
       memccpy.c.obj                28      0         0      
       ll_mul_t2.asm.obj            24      0         0      
       strchr.c.obj                 22      0         0      
       strlen.c.obj                 20      0         0      
       wcslen.c.obj                 18      0         0      
       copy_decompress_none.c.obj   14      0         0      
       copy_zero_init.c.obj         12      0         0      
       errno.c.obj                  8       0         4      
       s_copysign.c.obj             12      0         0      
       _lock.c.obj                  2       0         8      
       exit.c.obj                   4       0         0      
       pre_init.c.obj               4       0         0      
       div0.asm.obj                 2       0         0      
    +--+----------------------------+-------+---------+---------+
       Total:                       8307    257       20     
                                                             
    /home/elizabethdanzberger/ti/simplelink_cc32xx_sdk_6_10_00_05/kernel/nortos/lib/ccs/m4/nortos_cc32xx.a
       HwiPCC32XX_nortos.oem4       410     0         788    
       startup_cc32xx_ccs.oem4      90      64        780    
       ClockPSysTick_nortos.oem4    664     0         25     
       PowerCC32XX_nortos.oem4      476     0         0      
       SemaphoreP_nortos.oem4       410     0         11     
       SwiP_nortos.oem4             96      0         13     
    +--+----------------------------+-------+---------+---------+
       Total:                       2146    64        1617   
                                                             
    /home/elizabethdanzberger/ti/simplelink_cc32xx_sdk_6_10_00_05/source/ti/devices/cc32xx/driverlib/ccs/Release/driverlib.a
       prcm.obj                     1604    168       0      
       pin.obj                      280     256       0      
       interrupt.obj                334     48        0      
       i2c.obj                      318     0         0      
       timer.obj                    264     0         0      
       uart.obj                     192     0         0      
       udma.obj                     164     0         0      
       flash.obj                    72      0         0      
       cpu.obj                      30      0         0      
       utils.obj                    6       0         0      
    +--+----------------------------+-------+---------+---------+
       Total:                       3264    472       0      
                                                             
    /home/elizabethdanzberger/ti/simplelink_cc32xx_sdk_6_10_00_05/source/ti/drivers/lib/ccs/m4/drivers_cc32xx.a
       PowerCC32XX.oem4             2432    0         664    
       UART2CC32XX.oem4             2710    11        0      
       I2CCC32XX.oem4               1452    16        0      
       GPIOCC32XX.oem4              1120    73        26     
       TimerCC32XX.oem4             876     12        4      
       UART2.oem4                   756     36        0      
       I2C.oem4                     366     16        0      
       UDMACC32XX.oem4              270     0         28     
       RingBuf.oem4                 296     0         0      
       Timer.oem4                   140     12        0      
       PowerCC32XX_asm.oem4         150     0         0      
       List.oem4                    76      0         0      
    +--+----------------------------+-------+---------+---------+
       Total:                       10644   176       722    
                                                             
       Heap:                        0       0         32768  
       Stack:                       0       0         4096   
       Linker Generated:            0       261       0      
    +--+----------------------------+-------+---------+---------+
       Grand Total:                 25561   1525      42052  


LINKER GENERATED COPY TABLES

__TI_cinit_table @ 20012518 records: 2, size/record: 8, table size: 16
	.data: load addr=20012420, load size=000000e1 bytes, run addr=20013248, run size=000006f4 bytes, compression=lzss
	.bss: load addr=20012510, load size=00000008 bytes, run addr=20012800, run size=00000a48 bytes, compression=zero_init


LINKER GENERATED HANDLER TABLE

__TI_handler_table @ 20012504 records: 3, size/record: 4, table size: 12
	index: 0, handler: __TI_decompress_lzss
	index: 1, handler: __TI_decompress_none
	index: 2, handler: __TI_zero_init


GLOBAL SYMBOLS: SORTED ALPHABETICALLY BY Name 

address   name                             
-------   ----                             
2001208b  Board_init                       
2000ca8f  Board_initHook                   
2000fce9  Btn_Tick                         
2001241d  C$$EXIT                          
20013dbe  CONFIG_GPIO_BUTTON_0_CONST       
20013dbf  CONFIG_GPIO_BUTTON_1_CONST       
20013dc0  CONFIG_GPIO_LED_0_CONST          
20013dc1  CONFIG_I2C_0_CONST               
20013dc3  CONFIG_TIMER_0_CONST             
20013dc5  CONFIG_UART2_0_CONST             
2001209f  CPUcpsid                         
200123b1  CPUprimask                       
200123bb  ClockP_Params_init               
200121d1  ClockP_add                       
200111c5  ClockP_construct                 
20013218  ClockP_ctrl                      
200113c1  ClockP_destruct                  
20012409  ClockP_doTick                    
200121e1  ClockP_getCpuFreq                
200121f1  ClockP_getSystemTicks            
200115f9  ClockP_getTicksUntilInterrupt    
200123c5  ClockP_isActive                  
20012201  ClockP_setTicks                  
2001240d  ClockP_setTimeout                
2001189d  ClockP_start                     
2001162d  ClockP_startup                   
20010fa5  ClockP_stop                      
20010a65  ClockP_sysTickHandler            
20013930  ClockP_tickPeriod                
20010d21  FlashDisable                     
20013d4c  GPIO_config                      
20010d69  GPIO_disableInt                  
20010db1  GPIO_enableInt                   
20010589  GPIO_hwiIntFxn                   
2000f921  GPIO_init                        
20013dbc  GPIO_pinLowerBound               
20013dbd  GPIO_pinUpperBound               
20011661  GPIO_read                        
2000dda9  GPIO_setConfig                   
2001045d  GPIO_setInterruptConfig          
2000fe75  GPIO_write                       
20012141  HwiP_Params_init                 
200122b1  HwiP_clearInterrupt              
2000fa41  HwiP_construct                   
200119b9  HwiP_create                      
20012211  HwiP_delete                      
20011cdd  HwiP_destruct                    
200122bf  HwiP_disable                     
200122cd  HwiP_disableInterrupt            
20011bc1  HwiP_dispatch                    
200122db  HwiP_enable                      
200122e9  HwiP_enableInterrupt             
200120b5  HwiP_inISR                       
20012221  HwiP_interruptsEnabled           
20013928  HwiP_key                         
20012411  HwiP_post                        
20012231  HwiP_restore                     
2001392c  HwiP_swiPIntNum                  
20011b29  I2CFIFODataGetNonBlocking        
20011a61  I2CFIFODataPutNonBlocking        
20012241  I2CFIFOStatus                    
2001201d  I2CMasterBurstLengthSet          
20011e9b  I2CMasterBusBusy                 
20012153  I2CMasterIntClearEx              
20011eb3  I2CMasterIntDisableEx            
20011ecb  I2CMasterIntEnableEx             
20011d5d  I2CMasterIntStatusEx             
20011c99  I2CMasterSlaveAddrSet            
20011ee3  I2CRxFIFOFlush                   
200120c9  I2CSupport_masterFinish          
200123f1  I2CSupport_powerRelConstraint    
200123f7  I2CSupport_powerSetConstraint    
20010323  I2CSupport_primeTransfer         
20011efb  I2CTxFIFOFlush                   
20012251  I2C_Params_init                  
20011b4f  I2C_cancel                       
20013dc8  I2C_config                       
20013dc2  I2C_count                        
20013d5c  I2C_defaultParams                
2000dc07  I2C_init                         
2000ebb9  I2C_open                         
200137e4  I2C_params                       
200137f4  I2C_transaction                  
200120dd  I2C_transfer                     
2000e66f  I2C_transferTimeout              
UNDEFED   ITM_flush                        
UNDEFED   ITM_restore                      
2000f4cd  IntEnable                        
200123cf  IntMasterDisable                 
2000facd  IntPendSet                       
200120f1  IntVTableBaseSet                 
20011b75  List_put                         
20011b9b  List_remove                      
200122db  NoRTOS_start                     
2000ca91  PRCMCC3200MCUInit                
20012033  PRCMHIBRegRead                   
20012049  PRCMHIBRegWrite                  
20010df9  PRCMLPDSEnter                    
20011475  PRCMLPDSEnterKeepDebugIf         
20010fe9  PRCMLPDSRestoreInfoSet           
20011a89  PRCMPeripheralClkDisable         
20010e41  PRCMPeripheralClkEnable          
200107bd  PRCMPeripheralReset              
200105e9  PRCMSysResetCauseGet             
2000fb55  PinConfigSet                     
20011695  PinModeGet                       
20011205  PinModeSet                       
20011df5  PinToPadGet                      
20013be8  PowerCC32XX_config               
2000f575  PowerCC32XX_configureWakeup      
20012df8  PowerCC32XX_contextSave          
2001102d  PowerCC32XX_enterLPDS            
2001198d  PowerCC32XX_getParkState         
2000f36f  PowerCC32XX_initPolicy           
20013554  PowerCC32XX_module               
20010bf1  PowerCC32XX_parkPin              
20011be5  PowerCC32XX_reset                
200116c9  PowerCC32XX_restoreParkState     
200118cd  PowerCC32XX_restoreParkedPin     
2001096d  PowerCC32XX_resumeLPDS           
200104c1  PowerCC32XX_setParkState         
2000dc09  PowerCC32XX_sleepPolicy          
20012105  Power_disablePolicy              
20012261  Power_enablePolicy               
2001232d  Power_getConstraintMask          
20012119  Power_getDependencyCount         
20011f15  Power_getTransitionLatency       
20011f2d  Power_idleFunc                   
2000fd6d  Power_init                       
20011ab1  Power_registerNotify             
20010e89  Power_releaseConstraint          
20010815  Power_releaseDependency          
200113fd  Power_setConstraint              
2000fef5  Power_setDependency              
2000e2c9  Power_sleep                      
20011cfd  Power_unregisterNotify           
20012165  RingBuf_construct                
200116fd  RingBuf_getConsume               
200119e3  RingBuf_getPointer               
20010f19  RingBuf_put                      
20011345  RingBuf_putAdvance               
20011731  RingBuf_putPointer               
20012271  SemaphoreP_Params_init           
20010ab5  SemaphoreP_construct             
20011d7b  SemaphoreP_constructBinary       
2001205f  SemaphoreP_create                
20011e65  SemaphoreP_createBinary          
20013918  SemaphoreP_defaultParams         
20012415  SemaphoreP_delete                
2000f4cb  SemaphoreP_destruct              
2000f61d  SemaphoreP_pend                  
20011071  SemaphoreP_post                  
20011e11  SwiP_disable                     
200110b5  SwiP_restore                     
20011d1d  TMP_Tick                         
20011245  Tick                             
20010b05  TimerCC32XX_allocateTimerResource
20011765  TimerCC32XX_freeTimerResource    
20011555  TimerControlStall                
20011d99  TimerDisable                     
20011db7  TimerEnable                      
20013904  TimerFlag                        
20012177  TimerIntClear                    
20011f45  TimerIntDisable                  
20011f5d  TimerIntEnable                   
20011a0d  TimerLoadSet                     
20011a37  TimerPrescaleSet                 
20011c09  TimerSupport_timerDisable        
20011285  TimerSupport_timerEnable         
20012281  Timer_Params_init                
200112c5  Timer_close                      
20013dd0  Timer_config                     
20013dc4  Timer_count                      
2000f88b  Timer_init                       
2000e401  Timer_open                       
200110f9  Timer_start                      
2001158b  Timer_stop                       
20011869  UART2Support_disableRx           
20012345  UART2Support_disableTx           
2000ee9d  UART2Support_dmaStartRx          
2000f135  UART2Support_dmaStartTx          
20010b55  UART2Support_dmaStopRx           
20010649  UART2Support_dmaStopTx           
20012351  UART2Support_enableTx            
200123fd  UART2Support_powerRelConstraint  
200122a1  UART2Support_rxStatus2ErrorCode  
200117cd  UART2Support_sendData            
20011f75  UART2Support_txDone              
20011f8d  UART2_Params_init                
2000e8b1  UART2_close                      
20013dd8  UART2_config                     
20013dc6  UART2_count                      
20013cc0  UART2_defaultParams              
2000d155  UART2_open                       
200115c1  UART2_rxDisable                  
20012305  UART2_write                      
2000cebd  UART2_writeTimeout               
20011fa5  UARTDMADisable                   
200118fd  UARTDisable                      
20011c2d  UARTEnable                       
20012189  UARTIntClear                     
20011fbd  UARTIntDisable                   
20011fd5  UARTIntEnable                    
2001219b  UARTRxErrorGet                   
20011801  UDMACC32XX_close                 
20013de0  UDMACC32XX_config                
20011305  UDMACC32XX_init                  
2000ff75  UDMACC32XX_open                  
20012403  UtilsDelay                       
20004000  __STACK_END                      
00001000  __STACK_SIZE                     
00008000  __SYSMEM_SIZE                    
20012518  __TI_CINIT_Base                  
20012528  __TI_CINIT_Limit                 
20012504  __TI_Handler_Table_Base          
20012510  __TI_Handler_Table_Limit         
2001113d  __TI_auto_init_nobinit_nopinit   
2001038d  __TI_decompress_lzss             
20012313  __TI_decompress_none             
200108c3  __TI_ltoa                        
ffffffff  __TI_pprof_out_hndl              
2000c041  __TI_printfi                     
ffffffff  __TI_prof_data_size              
ffffffff  __TI_prof_data_start             
20012420  __TI_static_base__               
20012369  __TI_zero_init                   
2000fbdd  __aeabi_cdcmpeq                  
2000fbdd  __aeabi_cdcmple                  
2000fc63  __aeabi_cdrcmple                 
20010ed1  __aeabi_d2iz                     
2000da5b  __aeabi_dadd                     
2000e539  __aeabi_ddiv                     
2000ecb5  __aeabi_dmul                     
2000da51  __aeabi_dsub                     
200123e1  __aeabi_errno_addr               
2001195d  __aeabi_i2d                      
20011df3  __aeabi_idiv0                    
20011df3  __aeabi_ldiv0                    
20012005  __aeabi_lmul                     
2001006b  __aeabi_memclr                   
2001006b  __aeabi_memclr4                  
2001006b  __aeabi_memclr8                  
2000f759  __aeabi_memcpy                   
2000f759  __aeabi_memcpy4                  
2000f759  __aeabi_memcpy8                  
2001006d  __aeabi_memset                   
2001006d  __aeabi_memset4                  
2001006d  __aeabi_memset8                  
2000f7f5  __aeabi_uldivmod                 
ffffffff  __binit__                        
ffffffff  __c_args__                       
UNDEFED   __mpu_init                       
20003000  __stack                          
20004000  __start___llvm_prf_cnts          
20004000  __stop___llvm_prf_cnts           
20011c51  _c_int00_noargs                  
2001393c  _ctypes_                         
20013908  _lock                            
20010917  _nop                             
20004040  _sys_memory                      
UNDEFED   _system_post_cinit               
20012419  _system_pre_init                 
2001390c  _unlock                          
2001241d  abort                            
2000e9b9  aligned_alloc                    
20010c3d  atoi                             
ffffffff  binit                            
200137c4  bytesWritten                     
20011473  clkFxn                           
2001235d  copysign                         
2001235d  copysignl                        
20013938  errno                            
2000ef81  free                             
200106a9  frexp                            
200106a9  frexpl                           
20013020  gpioCallbackFunctions            
20013874  gpioPinConfigs                   
200130a4  gpioUserArgs                     
20013900  heat                             
20013d38  i2cCC32XXHWAttrs                 
20012f24  i2cCC32XXObjects                 
200114e5  initVectors                      
20010919  init_GPIO                        
2000eab9  init_I2C                         
20011181  init_Timer                       
200103f5  init_UART2                       
2000f065  ldexp                            
2000f065  ldexpl                           
200121ad  main                             
200100e5  mainThread                       
200123e9  malloc                           
2000e9b9  memalign                         
20011e49  memccpy                          
2000f759  memcpy                           
20010073  memset                           
200136c0  parkInfo                         
20011e81  resetISR                         
20011e94  resetVectorAddr                  
20004000  resetVectors                     
200137b9  rxBuffer                         
2000f065  scalbn                           
2000f065  scalbnl                          
200137bc  seconds                          
200138fc  set_point                        
20010cd5  snprintf                         
200137c8  status                           
20012075  strchr                           
2001212d  strlen                           
20013838  tasks                            
200138f8  temperature                      
2001238d  thermoTimerCallback              
200137d0  thermo_I2C                       
200137cc  thermo_timer                     
200137c0  thermo_uart2                     
20013d7c  timerCC32XXHWAttrs               
20013128  timerCC32XXObjects               
200137d8  timer_params                     
200137d4  timer_period                     
2000f88d  tmp_read                         
200137b8  txBuffer                         
20010525  uDMAChannelAttributeDisable      
20011b01  uDMAChannelIsEnabled             
20012399  uDMAErrorStatusClear             
200123a5  uDMAErrorStatusGet               
20012c00  uart2CC32XXObjects0              
20010761  uart2_display                    
20013814  uart2_params                     
20011c75  uart2_write                      
20013db0  udmaCC3220SHWAttrs               
20013238  udmaCC3220SObject                
200121bf  wcslen                           


GLOBAL SYMBOLS: SORTED BY Symbol Address 

address   name                             
-------   ----                             
00001000  __STACK_SIZE                     
00008000  __SYSMEM_SIZE                    
20003000  __stack                          
20004000  __STACK_END                      
20004000  __start___llvm_prf_cnts          
20004000  __stop___llvm_prf_cnts           
20004000  resetVectors                     
20004040  _sys_memory                      
2000c041  __TI_printfi                     
2000ca8f  Board_initHook                   
2000ca91  PRCMCC3200MCUInit                
2000cebd  UART2_writeTimeout               
2000d155  UART2_open                       
2000da51  __aeabi_dsub                     
2000da5b  __aeabi_dadd                     
2000dc07  I2C_init                         
2000dc09  PowerCC32XX_sleepPolicy          
2000dda9  GPIO_setConfig                   
2000e2c9  Power_sleep                      
2000e401  Timer_open                       
2000e539  __aeabi_ddiv                     
2000e66f  I2C_transferTimeout              
2000e8b1  UART2_close                      
2000e9b9  aligned_alloc                    
2000e9b9  memalign                         
2000eab9  init_I2C                         
2000ebb9  I2C_open                         
2000ecb5  __aeabi_dmul                     
2000ee9d  UART2Support_dmaStartRx          
2000ef81  free                             
2000f065  ldexp                            
2000f065  ldexpl                           
2000f065  scalbn                           
2000f065  scalbnl                          
2000f135  UART2Support_dmaStartTx          
2000f36f  PowerCC32XX_initPolicy           
2000f4cb  SemaphoreP_destruct              
2000f4cd  IntEnable                        
2000f575  PowerCC32XX_configureWakeup      
2000f61d  SemaphoreP_pend                  
2000f759  __aeabi_memcpy                   
2000f759  __aeabi_memcpy4                  
2000f759  __aeabi_memcpy8                  
2000f759  memcpy                           
2000f7f5  __aeabi_uldivmod                 
2000f88b  Timer_init                       
2000f88d  tmp_read                         
2000f921  GPIO_init                        
2000fa41  HwiP_construct                   
2000facd  IntPendSet                       
2000fb55  PinConfigSet                     
2000fbdd  __aeabi_cdcmpeq                  
2000fbdd  __aeabi_cdcmple                  
2000fc63  __aeabi_cdrcmple                 
2000fce9  Btn_Tick                         
2000fd6d  Power_init                       
2000fe75  GPIO_write                       
2000fef5  Power_setDependency              
2000ff75  UDMACC32XX_open                  
2001006b  __aeabi_memclr                   
2001006b  __aeabi_memclr4                  
2001006b  __aeabi_memclr8                  
2001006d  __aeabi_memset                   
2001006d  __aeabi_memset4                  
2001006d  __aeabi_memset8                  
20010073  memset                           
200100e5  mainThread                       
20010323  I2CSupport_primeTransfer         
2001038d  __TI_decompress_lzss             
200103f5  init_UART2                       
2001045d  GPIO_setInterruptConfig          
200104c1  PowerCC32XX_setParkState         
20010525  uDMAChannelAttributeDisable      
20010589  GPIO_hwiIntFxn                   
200105e9  PRCMSysResetCauseGet             
20010649  UART2Support_dmaStopTx           
200106a9  frexp                            
200106a9  frexpl                           
20010761  uart2_display                    
200107bd  PRCMPeripheralReset              
20010815  Power_releaseDependency          
200108c3  __TI_ltoa                        
20010917  _nop                             
20010919  init_GPIO                        
2001096d  PowerCC32XX_resumeLPDS           
20010a65  ClockP_sysTickHandler            
20010ab5  SemaphoreP_construct             
20010b05  TimerCC32XX_allocateTimerResource
20010b55  UART2Support_dmaStopRx           
20010bf1  PowerCC32XX_parkPin              
20010c3d  atoi                             
20010cd5  snprintf                         
20010d21  FlashDisable                     
20010d69  GPIO_disableInt                  
20010db1  GPIO_enableInt                   
20010df9  PRCMLPDSEnter                    
20010e41  PRCMPeripheralClkEnable          
20010e89  Power_releaseConstraint          
20010ed1  __aeabi_d2iz                     
20010f19  RingBuf_put                      
20010fa5  ClockP_stop                      
20010fe9  PRCMLPDSRestoreInfoSet           
2001102d  PowerCC32XX_enterLPDS            
20011071  SemaphoreP_post                  
200110b5  SwiP_restore                     
200110f9  Timer_start                      
2001113d  __TI_auto_init_nobinit_nopinit   
20011181  init_Timer                       
200111c5  ClockP_construct                 
20011205  PinModeSet                       
20011245  Tick                             
20011285  TimerSupport_timerEnable         
200112c5  Timer_close                      
20011305  UDMACC32XX_init                  
20011345  RingBuf_putAdvance               
200113c1  ClockP_destruct                  
200113fd  Power_setConstraint              
20011473  clkFxn                           
20011475  PRCMLPDSEnterKeepDebugIf         
200114e5  initVectors                      
20011555  TimerControlStall                
2001158b  Timer_stop                       
200115c1  UART2_rxDisable                  
200115f9  ClockP_getTicksUntilInterrupt    
2001162d  ClockP_startup                   
20011661  GPIO_read                        
20011695  PinModeGet                       
200116c9  PowerCC32XX_restoreParkState     
200116fd  RingBuf_getConsume               
20011731  RingBuf_putPointer               
20011765  TimerCC32XX_freeTimerResource    
200117cd  UART2Support_sendData            
20011801  UDMACC32XX_close                 
20011869  UART2Support_disableRx           
2001189d  ClockP_start                     
200118cd  PowerCC32XX_restoreParkedPin     
200118fd  UARTDisable                      
2001195d  __aeabi_i2d                      
2001198d  PowerCC32XX_getParkState         
200119b9  HwiP_create                      
200119e3  RingBuf_getPointer               
20011a0d  TimerLoadSet                     
20011a37  TimerPrescaleSet                 
20011a61  I2CFIFODataPutNonBlocking        
20011a89  PRCMPeripheralClkDisable         
20011ab1  Power_registerNotify             
20011b01  uDMAChannelIsEnabled             
20011b29  I2CFIFODataGetNonBlocking        
20011b4f  I2C_cancel                       
20011b75  List_put                         
20011b9b  List_remove                      
20011bc1  HwiP_dispatch                    
20011be5  PowerCC32XX_reset                
20011c09  TimerSupport_timerDisable        
20011c2d  UARTEnable                       
20011c51  _c_int00_noargs                  
20011c75  uart2_write                      
20011c99  I2CMasterSlaveAddrSet            
20011cdd  HwiP_destruct                    
20011cfd  Power_unregisterNotify           
20011d1d  TMP_Tick                         
20011d5d  I2CMasterIntStatusEx             
20011d7b  SemaphoreP_constructBinary       
20011d99  TimerDisable                     
20011db7  TimerEnable                      
20011df3  __aeabi_idiv0                    
20011df3  __aeabi_ldiv0                    
20011df5  PinToPadGet                      
20011e11  SwiP_disable                     
20011e49  memccpy                          
20011e65  SemaphoreP_createBinary          
20011e81  resetISR                         
20011e94  resetVectorAddr                  
20011e9b  I2CMasterBusBusy                 
20011eb3  I2CMasterIntDisableEx            
20011ecb  I2CMasterIntEnableEx             
20011ee3  I2CRxFIFOFlush                   
20011efb  I2CTxFIFOFlush                   
20011f15  Power_getTransitionLatency       
20011f2d  Power_idleFunc                   
20011f45  TimerIntDisable                  
20011f5d  TimerIntEnable                   
20011f75  UART2Support_txDone              
20011f8d  UART2_Params_init                
20011fa5  UARTDMADisable                   
20011fbd  UARTIntDisable                   
20011fd5  UARTIntEnable                    
20012005  __aeabi_lmul                     
2001201d  I2CMasterBurstLengthSet          
20012033  PRCMHIBRegRead                   
20012049  PRCMHIBRegWrite                  
2001205f  SemaphoreP_create                
20012075  strchr                           
2001208b  Board_init                       
2001209f  CPUcpsid                         
200120b5  HwiP_inISR                       
200120c9  I2CSupport_masterFinish          
200120dd  I2C_transfer                     
200120f1  IntVTableBaseSet                 
20012105  Power_disablePolicy              
20012119  Power_getDependencyCount         
2001212d  strlen                           
20012141  HwiP_Params_init                 
20012153  I2CMasterIntClearEx              
20012165  RingBuf_construct                
20012177  TimerIntClear                    
20012189  UARTIntClear                     
2001219b  UARTRxErrorGet                   
200121ad  main                             
200121bf  wcslen                           
200121d1  ClockP_add                       
200121e1  ClockP_getCpuFreq                
200121f1  ClockP_getSystemTicks            
20012201  ClockP_setTicks                  
20012211  HwiP_delete                      
20012221  HwiP_interruptsEnabled           
20012231  HwiP_restore                     
20012241  I2CFIFOStatus                    
20012251  I2C_Params_init                  
20012261  Power_enablePolicy               
20012271  SemaphoreP_Params_init           
20012281  Timer_Params_init                
200122a1  UART2Support_rxStatus2ErrorCode  
200122b1  HwiP_clearInterrupt              
200122bf  HwiP_disable                     
200122cd  HwiP_disableInterrupt            
200122db  HwiP_enable                      
200122db  NoRTOS_start                     
200122e9  HwiP_enableInterrupt             
20012305  UART2_write                      
20012313  __TI_decompress_none             
2001232d  Power_getConstraintMask          
20012345  UART2Support_disableTx           
20012351  UART2Support_enableTx            
2001235d  copysign                         
2001235d  copysignl                        
20012369  __TI_zero_init                   
2001238d  thermoTimerCallback              
20012399  uDMAErrorStatusClear             
200123a5  uDMAErrorStatusGet               
200123b1  CPUprimask                       
200123bb  ClockP_Params_init               
200123c5  ClockP_isActive                  
200123cf  IntMasterDisable                 
200123e1  __aeabi_errno_addr               
200123e9  malloc                           
200123f1  I2CSupport_powerRelConstraint    
200123f7  I2CSupport_powerSetConstraint    
200123fd  UART2Support_powerRelConstraint  
20012403  UtilsDelay                       
20012409  ClockP_doTick                    
2001240d  ClockP_setTimeout                
20012411  HwiP_post                        
20012415  SemaphoreP_delete                
20012419  _system_pre_init                 
2001241d  C$$EXIT                          
2001241d  abort                            
20012420  __TI_static_base__               
20012504  __TI_Handler_Table_Base          
20012510  __TI_Handler_Table_Limit         
20012518  __TI_CINIT_Base                  
20012528  __TI_CINIT_Limit                 
20012c00  uart2CC32XXObjects0              
20012df8  PowerCC32XX_contextSave          
20012f24  i2cCC32XXObjects                 
20013020  gpioCallbackFunctions            
200130a4  gpioUserArgs                     
20013128  timerCC32XXObjects               
20013218  ClockP_ctrl                      
20013238  udmaCC3220SObject                
20013554  PowerCC32XX_module               
200136c0  parkInfo                         
200137b8  txBuffer                         
200137b9  rxBuffer                         
200137bc  seconds                          
200137c0  thermo_uart2                     
200137c4  bytesWritten                     
200137c8  status                           
200137cc  thermo_timer                     
200137d0  thermo_I2C                       
200137d4  timer_period                     
200137d8  timer_params                     
200137e4  I2C_params                       
200137f4  I2C_transaction                  
20013814  uart2_params                     
20013838  tasks                            
20013874  gpioPinConfigs                   
200138f8  temperature                      
200138fc  set_point                        
20013900  heat                             
20013904  TimerFlag                        
20013908  _lock                            
2001390c  _unlock                          
20013918  SemaphoreP_defaultParams         
20013928  HwiP_key                         
2001392c  HwiP_swiPIntNum                  
20013930  ClockP_tickPeriod                
20013938  errno                            
2001393c  _ctypes_                         
20013be8  PowerCC32XX_config               
20013cc0  UART2_defaultParams              
20013d38  i2cCC32XXHWAttrs                 
20013d4c  GPIO_config                      
20013d5c  I2C_defaultParams                
20013d7c  timerCC32XXHWAttrs               
20013db0  udmaCC3220SHWAttrs               
20013dbc  GPIO_pinLowerBound               
20013dbd  GPIO_pinUpperBound               
20013dbe  CONFIG_GPIO_BUTTON_0_CONST       
20013dbf  CONFIG_GPIO_BUTTON_1_CONST       
20013dc0  CONFIG_GPIO_LED_0_CONST          
20013dc1  CONFIG_I2C_0_CONST               
20013dc2  I2C_count                        
20013dc3  CONFIG_TIMER_0_CONST             
20013dc4  Timer_count                      
20013dc5  CONFIG_UART2_0_CONST             
20013dc6  UART2_count                      
20013dc8  I2C_config                       
20013dd0  Timer_config                     
20013dd8  UART2_config                     
20013de0  UDMACC32XX_config                
ffffffff  __TI_pprof_out_hndl              
ffffffff  __TI_prof_data_size              
ffffffff  __TI_prof_data_start             
ffffffff  __binit__                        
ffffffff  __c_args__                       
ffffffff  binit                            
UNDEFED   ITM_flush                        
UNDEFED   ITM_restore                      
UNDEFED   __mpu_init                       
UNDEFED   _system_post_cinit               

[331 symbols]
